

================================================================
== Vitis HLS Report for 'correlator_Pipeline_Find_max_loop'
================================================================
* Date:           Wed Dec  1 13:05:25 2021

* Version:        2021.1 (Build 3247384 on Thu Jun 10 19:36:33 MDT 2021)
* Project:        hls
* Solution:       solution1 (Vivado IP Flow Target)
* Product family: zynq
* Target device:  xc7z020-clg400-1


================================================================
== Performance Estimates
================================================================
+ Timing: 
    * Summary: 
    +--------+----------+----------+------------+
    |  Clock |  Target  | Estimated| Uncertainty|
    +--------+----------+----------+------------+
    |ap_clk  |  10.00 ns|  7.222 ns|     2.70 ns|
    +--------+----------+----------+------------+

+ Latency: 
    * Summary: 
    +---------+---------+----------+----------+-----+-----+---------+
    |  Latency (cycles) |  Latency (absolute) |  Interval | Pipeline|
    |   min   |   max   |    min   |    max   | min | max |   Type  |
    +---------+---------+----------+----------+-----+-----+---------+
    |      330|      330|  3.300 us|  3.300 us|  330|  330|       no|
    +---------+---------+----------+----------+-----+-----+---------+

    + Detail: 
        * Instance: 
        N/A

        * Loop: 
        +-----------------+---------+---------+----------+-----------+-----------+------+----------+
        |                 |  Latency (cycles) | Iteration|  Initiation Interval  | Trip |          |
        |    Loop Name    |   min   |   max   |  Latency |  achieved |   target  | Count| Pipelined|
        +-----------------+---------+---------+----------+-----------+-----------+------+----------+
        |- Find_max_loop  |      328|      328|        64|         64|          1|     5|       yes|
        +-----------------+---------+---------+----------+-----------+-----------+------+----------+



================================================================
== Utilization Estimates
================================================================
* Summary: 
+-----------------+---------+-----+--------+-------+-----+
|       Name      | BRAM_18K| DSP |   FF   |  LUT  | URAM|
+-----------------+---------+-----+--------+-------+-----+
|DSP              |        -|    -|       -|      -|    -|
|Expression       |        -|    -|       0|  13682|    -|
|FIFO             |        -|    -|       -|      -|    -|
|Instance         |        -|    -|       0|   1176|    -|
|Memory           |        -|    -|       -|      -|    -|
|Multiplexer      |        -|    -|       -|    478|    -|
|Register         |        -|    -|    4022|      -|    -|
+-----------------+---------+-----+--------+-------+-----+
|Total            |        0|    0|    4022|  15336|    0|
+-----------------+---------+-----+--------+-------+-----+
|Available        |      280|  220|  106400|  53200|    0|
+-----------------+---------+-----+--------+-------+-----+
|Utilization (%)  |        0|    0|       3|     28|    0|
+-----------------+---------+-----+--------+-------+-----+

+ Detail: 
    * Instance: 
    +---------------------+----------------+---------+----+---+-----+-----+
    |       Instance      |     Module     | BRAM_18K| DSP| FF| LUT | URAM|
    +---------------------+----------------+---------+----+---+-----+-----+
    |mux_336_30_1_1_U268  |mux_336_30_1_1  |        0|   0|  0|  147|    0|
    |mux_336_30_1_1_U269  |mux_336_30_1_1  |        0|   0|  0|  147|    0|
    |mux_336_30_1_1_U270  |mux_336_30_1_1  |        0|   0|  0|  147|    0|
    |mux_336_30_1_1_U271  |mux_336_30_1_1  |        0|   0|  0|  147|    0|
    |mux_336_30_1_1_U272  |mux_336_30_1_1  |        0|   0|  0|  147|    0|
    |mux_336_30_1_1_U273  |mux_336_30_1_1  |        0|   0|  0|  147|    0|
    |mux_336_30_1_1_U274  |mux_336_30_1_1  |        0|   0|  0|  147|    0|
    |mux_336_30_1_1_U275  |mux_336_30_1_1  |        0|   0|  0|  147|    0|
    +---------------------+----------------+---------+----+---+-----+-----+
    |Total                |                |        0|   0|  0| 1176|    0|
    +---------------------+----------------+---------+----+---+-----+-----+

    * DSP: 
    N/A

    * Memory: 
    N/A

    * FIFO: 
    N/A

    * Expression: 
    +------------------------------+----------+----+---+-----+------------+------------+
    |         Variable Name        | Operation| DSP| FF| LUT | Bitwidth P0| Bitwidth P1|
    +------------------------------+----------+----+---+-----+------------+------------+
    |add_ln1002_1_fu_1439_p2       |         +|   0|  0|   37|          30|           6|
    |add_ln1002_2_fu_1992_p2       |         +|   0|  0|   37|          30|           6|
    |add_ln1002_3_fu_2545_p2       |         +|   0|  0|   37|          30|           6|
    |add_ln1002_4_fu_3098_p2       |         +|   0|  0|   37|          30|           6|
    |add_ln1002_5_fu_3651_p2       |         +|   0|  0|   37|          30|           6|
    |add_ln1002_6_fu_4204_p2       |         +|   0|  0|   37|          30|           6|
    |add_ln1002_7_fu_4757_p2       |         +|   0|  0|   37|          30|           6|
    |add_ln1002_fu_874_p2          |         +|   0|  0|   37|          30|           6|
    |add_ln1011_1_fu_1472_p2       |         +|   0|  0|   39|          32|           6|
    |add_ln1011_2_fu_2025_p2       |         +|   0|  0|   39|          32|           6|
    |add_ln1011_3_fu_2578_p2       |         +|   0|  0|   39|          32|           6|
    |add_ln1011_4_fu_3131_p2       |         +|   0|  0|   39|          32|           6|
    |add_ln1011_5_fu_3684_p2       |         +|   0|  0|   39|          32|           6|
    |add_ln1011_6_fu_4237_p2       |         +|   0|  0|   39|          32|           6|
    |add_ln1011_7_fu_4790_p2       |         +|   0|  0|   39|          32|           6|
    |add_ln1011_fu_907_p2          |         +|   0|  0|   39|          32|           6|
    |add_ln1014_1_fu_1512_p2       |         +|   0|  0|   71|          64|          64|
    |add_ln1014_2_fu_2065_p2       |         +|   0|  0|   71|          64|          64|
    |add_ln1014_3_fu_2618_p2       |         +|   0|  0|   71|          64|          64|
    |add_ln1014_4_fu_3171_p2       |         +|   0|  0|   71|          64|          64|
    |add_ln1014_5_fu_3724_p2       |         +|   0|  0|   71|          64|          64|
    |add_ln1014_6_fu_4277_p2       |         +|   0|  0|   71|          64|          64|
    |add_ln1014_7_fu_4830_p2       |         +|   0|  0|   71|          64|          64|
    |add_ln1014_fu_947_p2          |         +|   0|  0|   71|          64|          64|
    |add_ln1017_1_fu_1551_p2       |         +|   0|  0|    8|           8|           8|
    |add_ln1017_2_fu_2104_p2       |         +|   0|  0|    8|           8|           8|
    |add_ln1017_3_fu_2657_p2       |         +|   0|  0|    8|           8|           8|
    |add_ln1017_4_fu_3210_p2       |         +|   0|  0|    8|           8|           8|
    |add_ln1017_5_fu_3763_p2       |         +|   0|  0|    8|           8|           8|
    |add_ln1017_6_fu_4316_p2       |         +|   0|  0|    8|           8|           8|
    |add_ln1017_7_fu_4869_p2       |         +|   0|  0|    8|           8|           8|
    |add_ln1017_fu_986_p2          |         +|   0|  0|    8|           8|           8|
    |add_ln590_1_fu_1115_p2        |         +|   0|  0|   12|          12|           6|
    |add_ln590_2_fu_1668_p2        |         +|   0|  0|   12|          12|           6|
    |add_ln590_3_fu_2221_p2        |         +|   0|  0|   12|          12|           6|
    |add_ln590_4_fu_2774_p2        |         +|   0|  0|   12|          12|           6|
    |add_ln590_5_fu_3327_p2        |         +|   0|  0|   12|          12|           6|
    |add_ln590_6_fu_3880_p2        |         +|   0|  0|   12|          12|           6|
    |add_ln590_7_fu_4477_p2        |         +|   0|  0|   12|          12|           6|
    |add_ln590_fu_593_p2           |         +|   0|  0|   12|          12|           6|
    |add_ln59_fu_4906_p2           |         +|   0|  0|   71|          64|           4|
    |add_ln997_1_fu_1372_p2        |         +|   0|  0|   39|          32|           6|
    |add_ln997_2_fu_1925_p2        |         +|   0|  0|   39|          32|           6|
    |add_ln997_3_fu_2478_p2        |         +|   0|  0|   39|          32|           6|
    |add_ln997_4_fu_3031_p2        |         +|   0|  0|   39|          32|           6|
    |add_ln997_5_fu_3584_p2        |         +|   0|  0|   39|          32|           6|
    |add_ln997_6_fu_4137_p2        |         +|   0|  0|   39|          32|           6|
    |add_ln997_7_fu_4690_p2        |         +|   0|  0|   39|          32|           6|
    |add_ln997_fu_807_p2           |         +|   0|  0|   39|          32|           6|
    |sub_ln1000_1_fu_1393_p2       |         -|   0|  0|   13|           5|           5|
    |sub_ln1000_2_fu_1946_p2       |         -|   0|  0|   13|           5|           5|
    |sub_ln1000_3_fu_2499_p2       |         -|   0|  0|   13|           5|           5|
    |sub_ln1000_4_fu_3052_p2       |         -|   0|  0|   13|           5|           5|
    |sub_ln1000_5_fu_3605_p2       |         -|   0|  0|   13|           5|           5|
    |sub_ln1000_6_fu_4158_p2       |         -|   0|  0|   13|           5|           5|
    |sub_ln1000_7_fu_4711_p2       |         -|   0|  0|   13|           5|           5|
    |sub_ln1000_fu_828_p2          |         -|   0|  0|   13|           5|           5|
    |sub_ln1012_1_fu_1487_p2       |         -|   0|  0|   39|           5|          32|
    |sub_ln1012_2_fu_2040_p2       |         -|   0|  0|   39|           5|          32|
    |sub_ln1012_3_fu_2593_p2       |         -|   0|  0|   39|           5|          32|
    |sub_ln1012_4_fu_3146_p2       |         -|   0|  0|   39|           5|          32|
    |sub_ln1012_5_fu_3699_p2       |         -|   0|  0|   39|           5|          32|
    |sub_ln1012_6_fu_4252_p2       |         -|   0|  0|   39|           5|          32|
    |sub_ln1012_7_fu_4805_p2       |         -|   0|  0|   39|           5|          32|
    |sub_ln1012_fu_922_p2          |         -|   0|  0|   39|           5|          32|
    |sub_ln1017_1_fu_1546_p2       |         -|   0|  0|    8|           4|           8|
    |sub_ln1017_2_fu_2099_p2       |         -|   0|  0|    8|           4|           8|
    |sub_ln1017_3_fu_2652_p2       |         -|   0|  0|    8|           4|           8|
    |sub_ln1017_4_fu_3205_p2       |         -|   0|  0|    8|           4|           8|
    |sub_ln1017_5_fu_3758_p2       |         -|   0|  0|    8|           4|           8|
    |sub_ln1017_6_fu_4311_p2       |         -|   0|  0|    8|           4|           8|
    |sub_ln1017_7_fu_4864_p2       |         -|   0|  0|    8|           4|           8|
    |sub_ln1017_fu_981_p2          |         -|   0|  0|    8|           4|           8|
    |sub_ln494_1_fu_1090_p2        |         -|   0|  0|   61|           1|          54|
    |sub_ln494_2_fu_1643_p2        |         -|   0|  0|   61|           1|          54|
    |sub_ln494_3_fu_2196_p2        |         -|   0|  0|   61|           1|          54|
    |sub_ln494_4_fu_2749_p2        |         -|   0|  0|   61|           1|          54|
    |sub_ln494_5_fu_3302_p2        |         -|   0|  0|   61|           1|          54|
    |sub_ln494_6_fu_3855_p2        |         -|   0|  0|   61|           1|          54|
    |sub_ln494_7_fu_4452_p2        |         -|   0|  0|   61|           1|          54|
    |sub_ln494_fu_568_p2           |         -|   0|  0|   61|           1|          54|
    |sub_ln584_1_fu_1103_p2        |         -|   0|  0|   12|          11|          12|
    |sub_ln584_2_fu_1656_p2        |         -|   0|  0|   12|          11|          12|
    |sub_ln584_3_fu_2209_p2        |         -|   0|  0|   12|          11|          12|
    |sub_ln584_4_fu_2762_p2        |         -|   0|  0|   12|          11|          12|
    |sub_ln584_5_fu_3315_p2        |         -|   0|  0|   12|          11|          12|
    |sub_ln584_6_fu_3868_p2        |         -|   0|  0|   12|          11|          12|
    |sub_ln584_7_fu_4465_p2        |         -|   0|  0|   12|          11|          12|
    |sub_ln584_fu_581_p2           |         -|   0|  0|   12|          11|          12|
    |sub_ln590_1_fu_1121_p2        |         -|   0|  0|   12|           5|          12|
    |sub_ln590_2_fu_1674_p2        |         -|   0|  0|   12|           5|          12|
    |sub_ln590_3_fu_2227_p2        |         -|   0|  0|   12|           5|          12|
    |sub_ln590_4_fu_2780_p2        |         -|   0|  0|   12|           5|          12|
    |sub_ln590_5_fu_3333_p2        |         -|   0|  0|   12|           5|          12|
    |sub_ln590_6_fu_3886_p2        |         -|   0|  0|   12|           5|          12|
    |sub_ln590_7_fu_4483_p2        |         -|   0|  0|   12|           5|          12|
    |sub_ln590_fu_599_p2           |         -|   0|  0|   12|           5|          12|
    |sub_ln992_1_fu_1316_p2        |         -|   0|  0|   37|           1|          30|
    |sub_ln992_2_fu_1869_p2        |         -|   0|  0|   37|           1|          30|
    |sub_ln992_3_fu_2422_p2        |         -|   0|  0|   37|           1|          30|
    |sub_ln992_4_fu_2975_p2        |         -|   0|  0|   37|           1|          30|
    |sub_ln992_5_fu_3528_p2        |         -|   0|  0|   37|           1|          30|
    |sub_ln992_6_fu_4081_p2        |         -|   0|  0|   37|           1|          30|
    |sub_ln992_7_fu_4634_p2        |         -|   0|  0|   37|           1|          30|
    |sub_ln992_fu_751_p2           |         -|   0|  0|   37|           1|          30|
    |sub_ln997_1_fu_1354_p2        |         -|   0|  0|   39|           5|          32|
    |sub_ln997_2_fu_1907_p2        |         -|   0|  0|   39|           5|          32|
    |sub_ln997_3_fu_2460_p2        |         -|   0|  0|   39|           5|          32|
    |sub_ln997_4_fu_3013_p2        |         -|   0|  0|   39|           5|          32|
    |sub_ln997_5_fu_3566_p2        |         -|   0|  0|   39|           5|          32|
    |sub_ln997_6_fu_4119_p2        |         -|   0|  0|   39|           5|          32|
    |sub_ln997_7_fu_4672_p2        |         -|   0|  0|   39|           5|          32|
    |sub_ln997_fu_789_p2           |         -|   0|  0|   39|           5|          32|
    |and_ln1000_1_fu_1408_p2       |       and|   0|  0|   30|          30|          30|
    |and_ln1000_2_fu_1961_p2       |       and|   0|  0|   30|          30|          30|
    |and_ln1000_3_fu_2514_p2       |       and|   0|  0|   30|          30|          30|
    |and_ln1000_4_fu_3067_p2       |       and|   0|  0|   30|          30|          30|
    |and_ln1000_5_fu_3620_p2       |       and|   0|  0|   30|          30|          30|
    |and_ln1000_6_fu_4173_p2       |       and|   0|  0|   30|          30|          30|
    |and_ln1000_7_fu_4726_p2       |       and|   0|  0|   30|          30|          30|
    |and_ln1000_fu_843_p2          |       and|   0|  0|   30|          30|          30|
    |and_ln590_1_fu_1755_p2        |       and|   0|  0|    2|           1|           1|
    |and_ln590_2_fu_2308_p2        |       and|   0|  0|    2|           1|           1|
    |and_ln590_3_fu_2861_p2        |       and|   0|  0|    2|           1|           1|
    |and_ln590_4_fu_3414_p2        |       and|   0|  0|    2|           1|           1|
    |and_ln590_5_fu_3967_p2        |       and|   0|  0|    2|           1|           1|
    |and_ln590_6_fu_4564_p2        |       and|   0|  0|    2|           1|           1|
    |and_ln590_fu_1202_p2          |       and|   0|  0|    2|           1|           1|
    |and_ln591_1_fu_1733_p2        |       and|   0|  0|    2|           1|           1|
    |and_ln591_2_fu_2286_p2        |       and|   0|  0|    2|           1|           1|
    |and_ln591_3_fu_2839_p2        |       and|   0|  0|    2|           1|           1|
    |and_ln591_4_fu_3392_p2        |       and|   0|  0|    2|           1|           1|
    |and_ln591_5_fu_3945_p2        |       and|   0|  0|    2|           1|           1|
    |and_ln591_6_fu_4542_p2        |       and|   0|  0|    2|           1|           1|
    |and_ln591_fu_1180_p2          |       and|   0|  0|    2|           1|           1|
    |and_ln999_1_fu_1433_p2        |       and|   0|  0|    2|           1|           1|
    |and_ln999_2_fu_1986_p2        |       and|   0|  0|    2|           1|           1|
    |and_ln999_3_fu_2539_p2        |       and|   0|  0|    2|           1|           1|
    |and_ln999_4_fu_3092_p2        |       and|   0|  0|    2|           1|           1|
    |and_ln999_5_fu_3645_p2        |       and|   0|  0|    2|           1|           1|
    |and_ln999_6_fu_4198_p2        |       and|   0|  0|    2|           1|           1|
    |and_ln999_7_fu_4751_p2        |       and|   0|  0|    2|           1|           1|
    |and_ln999_fu_868_p2           |       and|   0|  0|    2|           1|           1|
    |tobool34_i_i283_0_fu_898_p2   |       and|   0|  0|    2|           1|           1|
    |tobool34_i_i283_1_fu_1463_p2  |       and|   0|  0|    2|           1|           1|
    |tobool34_i_i283_2_fu_2016_p2  |       and|   0|  0|    2|           1|           1|
    |tobool34_i_i283_3_fu_2569_p2  |       and|   0|  0|    2|           1|           1|
    |tobool34_i_i283_4_fu_3122_p2  |       and|   0|  0|    2|           1|           1|
    |tobool34_i_i283_5_fu_3675_p2  |       and|   0|  0|    2|           1|           1|
    |tobool34_i_i283_6_fu_4228_p2  |       and|   0|  0|    2|           1|           1|
    |tobool34_i_i283_7_fu_4781_p2  |       and|   0|  0|    2|           1|           1|
    |ashr_ln595_1_fu_1254_p2       |      ashr|   0|  0|  161|          54|          54|
    |ashr_ln595_2_fu_1807_p2       |      ashr|   0|  0|  161|          54|          54|
    |ashr_ln595_3_fu_2360_p2       |      ashr|   0|  0|  161|          54|          54|
    |ashr_ln595_4_fu_2913_p2       |      ashr|   0|  0|  161|          54|          54|
    |ashr_ln595_5_fu_3466_p2       |      ashr|   0|  0|  161|          54|          54|
    |ashr_ln595_6_fu_4019_p2       |      ashr|   0|  0|  161|          54|          54|
    |ashr_ln595_7_fu_4572_p2       |      ashr|   0|  0|  161|          54|          54|
    |ashr_ln595_fu_657_p2          |      ashr|   0|  0|  161|          54|          54|
    |icmp_ln1000_1_fu_1413_p2      |      icmp|   0|  0|   17|          30|           1|
    |icmp_ln1000_2_fu_1966_p2      |      icmp|   0|  0|   17|          30|           1|
    |icmp_ln1000_3_fu_2519_p2      |      icmp|   0|  0|   17|          30|           1|
    |icmp_ln1000_4_fu_3072_p2      |      icmp|   0|  0|   17|          30|           1|
    |icmp_ln1000_5_fu_3625_p2      |      icmp|   0|  0|   17|          30|           1|
    |icmp_ln1000_6_fu_4178_p2      |      icmp|   0|  0|   17|          30|           1|
    |icmp_ln1000_7_fu_4731_p2      |      icmp|   0|  0|   17|          30|           1|
    |icmp_ln1000_fu_848_p2         |      icmp|   0|  0|   17|          30|           1|
    |icmp_ln1011_1_fu_1457_p2      |      icmp|   0|  0|   18|          32|           1|
    |icmp_ln1011_2_fu_2010_p2      |      icmp|   0|  0|   18|          32|           1|
    |icmp_ln1011_3_fu_2563_p2      |      icmp|   0|  0|   18|          32|           1|
    |icmp_ln1011_4_fu_3116_p2      |      icmp|   0|  0|   18|          32|           1|
    |icmp_ln1011_5_fu_3669_p2      |      icmp|   0|  0|   18|          32|           1|
    |icmp_ln1011_6_fu_4222_p2      |      icmp|   0|  0|   18|          32|           1|
    |icmp_ln1011_7_fu_4775_p2      |      icmp|   0|  0|   18|          32|           1|
    |icmp_ln1011_fu_892_p2         |      icmp|   0|  0|   18|          32|           1|
    |icmp_ln1547_1_fu_1299_p2      |      icmp|   0|  0|   17|          30|          30|
    |icmp_ln1547_2_fu_1852_p2      |      icmp|   0|  0|   17|          30|          30|
    |icmp_ln1547_3_fu_2405_p2      |      icmp|   0|  0|   17|          30|          30|
    |icmp_ln1547_4_fu_2958_p2      |      icmp|   0|  0|   17|          30|          30|
    |icmp_ln1547_5_fu_3511_p2      |      icmp|   0|  0|   17|          30|          30|
    |icmp_ln1547_6_fu_4064_p2      |      icmp|   0|  0|   17|          30|          30|
    |icmp_ln1547_7_fu_4617_p2      |      icmp|   0|  0|   17|          30|          30|
    |icmp_ln1547_fu_734_p2         |      icmp|   0|  0|   17|          30|          30|
    |icmp_ln580_1_fu_1070_p2       |      icmp|   0|  0|   28|          63|           1|
    |icmp_ln580_2_fu_1623_p2       |      icmp|   0|  0|   28|          63|           1|
    |icmp_ln580_3_fu_2176_p2       |      icmp|   0|  0|   28|          63|           1|
    |icmp_ln580_4_fu_2729_p2       |      icmp|   0|  0|   28|          63|           1|
    |icmp_ln580_5_fu_3282_p2       |      icmp|   0|  0|   28|          63|           1|
    |icmp_ln580_6_fu_3835_p2       |      icmp|   0|  0|   28|          63|           1|
    |icmp_ln580_7_fu_4432_p2       |      icmp|   0|  0|   28|          63|           1|
    |icmp_ln580_fu_548_p2          |      icmp|   0|  0|   28|          63|           1|
    |icmp_ln590_1_fu_1109_p2       |      icmp|   0|  0|   12|          12|           5|
    |icmp_ln590_2_fu_1662_p2       |      icmp|   0|  0|   12|          12|           5|
    |icmp_ln590_3_fu_2215_p2       |      icmp|   0|  0|   12|          12|           5|
    |icmp_ln590_4_fu_2768_p2       |      icmp|   0|  0|   12|          12|           5|
    |icmp_ln590_5_fu_3321_p2       |      icmp|   0|  0|   12|          12|           5|
    |icmp_ln590_6_fu_3874_p2       |      icmp|   0|  0|   12|          12|           5|
    |icmp_ln590_7_fu_4471_p2       |      icmp|   0|  0|   12|          12|           5|
    |icmp_ln590_fu_587_p2          |      icmp|   0|  0|   12|          12|           5|
    |icmp_ln591_1_fu_1135_p2       |      icmp|   0|  0|   12|          12|           5|
    |icmp_ln591_2_fu_1688_p2       |      icmp|   0|  0|   12|          12|           5|
    |icmp_ln591_3_fu_2241_p2       |      icmp|   0|  0|   12|          12|           5|
    |icmp_ln591_4_fu_2794_p2       |      icmp|   0|  0|   12|          12|           5|
    |icmp_ln591_5_fu_3347_p2       |      icmp|   0|  0|   12|          12|           5|
    |icmp_ln591_6_fu_3900_p2       |      icmp|   0|  0|   12|          12|           5|
    |icmp_ln591_7_fu_4497_p2       |      icmp|   0|  0|   12|          12|           5|
    |icmp_ln591_fu_617_p2          |      icmp|   0|  0|   12|          12|           5|
    |icmp_ln594_1_fu_1148_p2       |      icmp|   0|  0|   12|          12|           6|
    |icmp_ln594_2_fu_1701_p2       |      icmp|   0|  0|   12|          12|           6|
    |icmp_ln594_3_fu_2254_p2       |      icmp|   0|  0|   12|          12|           6|
    |icmp_ln594_4_fu_2807_p2       |      icmp|   0|  0|   12|          12|           6|
    |icmp_ln594_5_fu_3360_p2       |      icmp|   0|  0|   12|          12|           6|
    |icmp_ln594_6_fu_3913_p2       |      icmp|   0|  0|   12|          12|           6|
    |icmp_ln594_7_fu_4510_p2       |      icmp|   0|  0|   12|          12|           6|
    |icmp_ln594_fu_629_p2          |      icmp|   0|  0|   12|          12|           6|
    |icmp_ln59_fu_1029_p2          |      icmp|   0|  0|   29|          64|           6|
    |icmp_ln612_1_fu_1153_p2       |      icmp|   0|  0|   12|          12|           5|
    |icmp_ln612_2_fu_1706_p2       |      icmp|   0|  0|   12|          12|           5|
    |icmp_ln612_3_fu_2259_p2       |      icmp|   0|  0|   12|          12|           5|
    |icmp_ln612_4_fu_2812_p2       |      icmp|   0|  0|   12|          12|           5|
    |icmp_ln612_5_fu_3365_p2       |      icmp|   0|  0|   12|          12|           5|
    |icmp_ln612_6_fu_3918_p2       |      icmp|   0|  0|   12|          12|           5|
    |icmp_ln612_7_fu_4515_p2       |      icmp|   0|  0|   12|          12|           5|
    |icmp_ln612_fu_623_p2          |      icmp|   0|  0|   12|          12|           5|
    |icmp_ln988_1_fu_1304_p2       |      icmp|   0|  0|   17|          30|           1|
    |icmp_ln988_2_fu_1857_p2       |      icmp|   0|  0|   17|          30|           1|
    |icmp_ln988_3_fu_2410_p2       |      icmp|   0|  0|   17|          30|           1|
    |icmp_ln988_4_fu_2963_p2       |      icmp|   0|  0|   17|          30|           1|
    |icmp_ln988_5_fu_3516_p2       |      icmp|   0|  0|   17|          30|           1|
    |icmp_ln988_6_fu_4069_p2       |      icmp|   0|  0|   17|          30|           1|
    |icmp_ln988_7_fu_4622_p2       |      icmp|   0|  0|   17|          30|           1|
    |icmp_ln988_fu_739_p2          |      icmp|   0|  0|   17|          30|           1|
    |icmp_ln999_1_fu_1387_p2       |      icmp|   0|  0|   17|          31|           1|
    |icmp_ln999_2_fu_1940_p2       |      icmp|   0|  0|   17|          31|           1|
    |icmp_ln999_3_fu_2493_p2       |      icmp|   0|  0|   17|          31|           1|
    |icmp_ln999_4_fu_3046_p2       |      icmp|   0|  0|   17|          31|           1|
    |icmp_ln999_5_fu_3599_p2       |      icmp|   0|  0|   17|          31|           1|
    |icmp_ln999_6_fu_4152_p2       |      icmp|   0|  0|   17|          31|           1|
    |icmp_ln999_7_fu_4705_p2       |      icmp|   0|  0|   17|          31|           1|
    |icmp_ln999_fu_822_p2          |      icmp|   0|  0|   17|          31|           1|
    |lshr_ln1000_1_fu_1402_p2      |      lshr|   0|  0|   92|           2|          30|
    |lshr_ln1000_2_fu_1955_p2      |      lshr|   0|  0|   92|           2|          30|
    |lshr_ln1000_3_fu_2508_p2      |      lshr|   0|  0|   92|           2|          30|
    |lshr_ln1000_4_fu_3061_p2      |      lshr|   0|  0|   92|           2|          30|
    |lshr_ln1000_5_fu_3614_p2      |      lshr|   0|  0|   92|           2|          30|
    |lshr_ln1000_6_fu_4167_p2      |      lshr|   0|  0|   92|           2|          30|
    |lshr_ln1000_7_fu_4720_p2      |      lshr|   0|  0|   92|           2|          30|
    |lshr_ln1000_fu_837_p2         |      lshr|   0|  0|   92|           2|          30|
    |lshr_ln1011_1_fu_1481_p2      |      lshr|   0|  0|  182|          64|          64|
    |lshr_ln1011_2_fu_2034_p2      |      lshr|   0|  0|  182|          64|          64|
    |lshr_ln1011_3_fu_2587_p2      |      lshr|   0|  0|  182|          64|          64|
    |lshr_ln1011_4_fu_3140_p2      |      lshr|   0|  0|  182|          64|          64|
    |lshr_ln1011_5_fu_3693_p2      |      lshr|   0|  0|  182|          64|          64|
    |lshr_ln1011_6_fu_4246_p2      |      lshr|   0|  0|  182|          64|          64|
    |lshr_ln1011_7_fu_4799_p2      |      lshr|   0|  0|  182|          64|          64|
    |lshr_ln1011_fu_916_p2         |      lshr|   0|  0|  182|          64|          64|
    |or_ln1002_1_fu_1451_p2        |        or|   0|  0|    2|           1|           1|
    |or_ln1002_2_fu_2004_p2        |        or|   0|  0|    2|           1|           1|
    |or_ln1002_3_fu_2557_p2        |        or|   0|  0|    2|           1|           1|
    |or_ln1002_4_fu_3110_p2        |        or|   0|  0|    2|           1|           1|
    |or_ln1002_5_fu_3663_p2        |        or|   0|  0|    2|           1|           1|
    |or_ln1002_6_fu_4216_p2        |        or|   0|  0|    2|           1|           1|
    |or_ln1002_7_fu_4769_p2        |        or|   0|  0|    2|           1|           1|
    |or_ln1002_fu_886_p2           |        or|   0|  0|    2|           1|           1|
    |or_ln591_1_fu_1745_p2         |        or|   0|  0|    2|           1|           1|
    |or_ln591_2_fu_2298_p2         |        or|   0|  0|    2|           1|           1|
    |or_ln591_3_fu_2851_p2         |        or|   0|  0|    2|           1|           1|
    |or_ln591_4_fu_3404_p2         |        or|   0|  0|    2|           1|           1|
    |or_ln591_5_fu_3957_p2         |        or|   0|  0|    2|           1|           1|
    |or_ln591_6_fu_4554_p2         |        or|   0|  0|    2|           1|           1|
    |or_ln591_fu_1192_p2           |        or|   0|  0|    2|           1|           1|
    |or_ln59_fu_1023_p2            |        or|   0|  0|   64|          64|           1|
    |tmp_12_fu_2871_p34            |        or|   0|  0|    6|           6|           3|
    |tmp_15_fu_3424_p34            |        or|   0|  0|    6|           6|           3|
    |tmp_18_fu_3977_p34            |        or|   0|  0|    6|           6|           3|
    |tmp_21_fu_4358_p34            |        or|   0|  0|    6|           6|           3|
    |tmp_2_fu_1212_p34             |        or|   0|  0|    6|           6|           1|
    |tmp_5_fu_1765_p34             |        or|   0|  0|    6|           6|           2|
    |tmp_8_fu_2318_p34             |        or|   0|  0|    6|           6|           2|
    |m_1_0_fu_937_p3               |    select|   0|  0|   64|           1|          64|
    |m_1_1_fu_1502_p3              |    select|   0|  0|   64|           1|          64|
    |m_1_2_fu_2055_p3              |    select|   0|  0|   64|           1|          64|
    |m_1_3_fu_2608_p3              |    select|   0|  0|   64|           1|          64|
    |m_1_4_fu_3161_p3              |    select|   0|  0|   64|           1|          64|
    |m_1_5_fu_3714_p3              |    select|   0|  0|   64|           1|          64|
    |m_1_6_fu_4267_p3              |    select|   0|  0|   64|           1|          64|
    |m_1_7_fu_4820_p3              |    select|   0|  0|   64|           1|          64|
    |select_ln579_1_fu_1096_p3     |    select|   0|  0|   54|           1|          54|
    |select_ln579_2_fu_1649_p3     |    select|   0|  0|   54|           1|          54|
    |select_ln579_3_fu_2202_p3     |    select|   0|  0|   54|           1|          54|
    |select_ln579_4_fu_2755_p3     |    select|   0|  0|   54|           1|          54|
    |select_ln579_5_fu_3308_p3     |    select|   0|  0|   54|           1|          54|
    |select_ln579_6_fu_3861_p3     |    select|   0|  0|   54|           1|          54|
    |select_ln579_7_fu_4458_p3     |    select|   0|  0|   54|           1|          54|
    |select_ln579_fu_574_p3        |    select|   0|  0|   54|           1|          54|
    |select_ln580_1_fu_1845_p3     |    select|   0|  0|   30|           1|           1|
    |select_ln580_2_fu_2398_p3     |    select|   0|  0|   30|           1|           1|
    |select_ln580_3_fu_2951_p3     |    select|   0|  0|   30|           1|           1|
    |select_ln580_4_fu_3504_p3     |    select|   0|  0|   30|           1|           1|
    |select_ln580_5_fu_4057_p3     |    select|   0|  0|   30|           1|           1|
    |select_ln580_6_fu_4610_p3     |    select|   0|  0|   30|           1|           1|
    |select_ln580_fu_1292_p3       |    select|   0|  0|   30|           1|           1|
    |select_ln590_10_fu_2392_p3    |    select|   0|  0|   30|           1|          30|
    |select_ln590_11_fu_2945_p3    |    select|   0|  0|   30|           1|          30|
    |select_ln590_12_fu_3498_p3    |    select|   0|  0|   30|           1|          30|
    |select_ln590_13_fu_4051_p3    |    select|   0|  0|   30|           1|          30|
    |select_ln590_14_fu_4604_p3    |    select|   0|  0|   30|           1|          30|
    |select_ln590_1_fu_1127_p3     |    select|   0|  0|   12|           1|          12|
    |select_ln590_2_fu_1680_p3     |    select|   0|  0|   12|           1|          12|
    |select_ln590_3_fu_2233_p3     |    select|   0|  0|   12|           1|          12|
    |select_ln590_4_fu_2786_p3     |    select|   0|  0|   12|           1|          12|
    |select_ln590_5_fu_3339_p3     |    select|   0|  0|   12|           1|          12|
    |select_ln590_6_fu_3892_p3     |    select|   0|  0|   12|           1|          12|
    |select_ln590_7_fu_4489_p3     |    select|   0|  0|   12|           1|          12|
    |select_ln590_8_fu_1286_p3     |    select|   0|  0|   30|           1|          30|
    |select_ln590_9_fu_1839_p3     |    select|   0|  0|   30|           1|          30|
    |select_ln590_fu_605_p3        |    select|   0|  0|   12|           1|          12|
    |select_ln591_1_fu_1738_p3     |    select|   0|  0|   30|           1|          30|
    |select_ln591_2_fu_2291_p3     |    select|   0|  0|   30|           1|          30|
    |select_ln591_3_fu_2844_p3     |    select|   0|  0|   30|           1|          30|
    |select_ln591_4_fu_3397_p3     |    select|   0|  0|   30|           1|          30|
    |select_ln591_5_fu_3950_p3     |    select|   0|  0|   30|           1|          30|
    |select_ln591_6_fu_4547_p3     |    select|   0|  0|   30|           1|          30|
    |select_ln591_fu_1185_p3       |    select|   0|  0|   30|           1|          30|
    |select_ln594_1_fu_1279_p3     |    select|   0|  0|   30|           1|          30|
    |select_ln594_2_fu_1832_p3     |    select|   0|  0|   30|           1|          30|
    |select_ln594_3_fu_2385_p3     |    select|   0|  0|   30|           1|          30|
    |select_ln594_4_fu_2938_p3     |    select|   0|  0|   30|           1|          30|
    |select_ln594_5_fu_3491_p3     |    select|   0|  0|   30|           1|          30|
    |select_ln594_6_fu_4044_p3     |    select|   0|  0|   30|           1|          30|
    |select_ln594_7_fu_4597_p3     |    select|   0|  0|   30|           1|          30|
    |select_ln594_fu_681_p3        |    select|   0|  0|   30|           1|          30|
    |select_ln597_1_fu_1271_p3     |    select|   0|  0|    2|           1|           2|
    |select_ln597_2_fu_1824_p3     |    select|   0|  0|    2|           1|           2|
    |select_ln597_3_fu_2377_p3     |    select|   0|  0|    2|           1|           2|
    |select_ln597_4_fu_2930_p3     |    select|   0|  0|    2|           1|           2|
    |select_ln597_5_fu_3483_p3     |    select|   0|  0|    2|           1|           2|
    |select_ln597_6_fu_4036_p3     |    select|   0|  0|    2|           1|           2|
    |select_ln597_7_fu_4589_p3     |    select|   0|  0|    2|           1|           2|
    |select_ln597_fu_673_p3        |    select|   0|  0|    2|           1|           2|
    |select_ln612_1_fu_1167_p3     |    select|   0|  0|   30|           1|          30|
    |select_ln612_2_fu_1720_p3     |    select|   0|  0|   30|           1|          30|
    |select_ln612_3_fu_2273_p3     |    select|   0|  0|   30|           1|          30|
    |select_ln612_4_fu_2826_p3     |    select|   0|  0|   30|           1|          30|
    |select_ln612_5_fu_3379_p3     |    select|   0|  0|   30|           1|          30|
    |select_ln612_6_fu_3932_p3     |    select|   0|  0|   30|           1|          30|
    |select_ln612_7_fu_4529_p3     |    select|   0|  0|   30|           1|          30|
    |select_ln612_fu_647_p3        |    select|   0|  0|   30|           1|          30|
    |select_ln988_1_fu_1580_p3     |    select|   0|  0|   32|           1|           1|
    |select_ln988_2_fu_2133_p3     |    select|   0|  0|   32|           1|           1|
    |select_ln988_3_fu_2686_p3     |    select|   0|  0|   32|           1|           1|
    |select_ln988_4_fu_3239_p3     |    select|   0|  0|   32|           1|           1|
    |select_ln988_5_fu_3792_p3     |    select|   0|  0|   32|           1|           1|
    |select_ln988_6_fu_4345_p3     |    select|   0|  0|   32|           1|           1|
    |select_ln988_7_fu_4898_p3     |    select|   0|  0|   32|           1|           1|
    |select_ln988_fu_1015_p3       |    select|   0|  0|   32|           1|           1|
    |select_ln991_1_fu_1321_p3     |    select|   0|  0|   30|           1|          30|
    |select_ln991_2_fu_1874_p3     |    select|   0|  0|   30|           1|          30|
    |select_ln991_3_fu_2427_p3     |    select|   0|  0|   30|           1|          30|
    |select_ln991_4_fu_2980_p3     |    select|   0|  0|   30|           1|          30|
    |select_ln991_5_fu_3533_p3     |    select|   0|  0|   30|           1|          30|
    |select_ln991_6_fu_4086_p3     |    select|   0|  0|   30|           1|          30|
    |select_ln991_7_fu_4639_p3     |    select|   0|  0|   30|           1|          30|
    |select_ln991_fu_756_p3        |    select|   0|  0|   30|           1|          30|
    |select_ln996_1_fu_1539_p3     |    select|   0|  0|    7|           1|           7|
    |select_ln996_2_fu_2092_p3     |    select|   0|  0|    7|           1|           7|
    |select_ln996_3_fu_2645_p3     |    select|   0|  0|    7|           1|           7|
    |select_ln996_4_fu_3198_p3     |    select|   0|  0|    7|           1|           7|
    |select_ln996_5_fu_3751_p3     |    select|   0|  0|    7|           1|           7|
    |select_ln996_6_fu_4304_p3     |    select|   0|  0|    7|           1|           7|
    |select_ln996_7_fu_4857_p3     |    select|   0|  0|    7|           1|           7|
    |select_ln996_fu_974_p3        |    select|   0|  0|    7|           1|           7|
    |shl_ln1012_1_fu_1496_p2       |       shl|   0|  0|  182|          64|          64|
    |shl_ln1012_2_fu_2049_p2       |       shl|   0|  0|  182|          64|          64|
    |shl_ln1012_3_fu_2602_p2       |       shl|   0|  0|  182|          64|          64|
    |shl_ln1012_4_fu_3155_p2       |       shl|   0|  0|  182|          64|          64|
    |shl_ln1012_5_fu_3708_p2       |       shl|   0|  0|  182|          64|          64|
    |shl_ln1012_6_fu_4261_p2       |       shl|   0|  0|  182|          64|          64|
    |shl_ln1012_7_fu_4814_p2       |       shl|   0|  0|  182|          64|          64|
    |shl_ln1012_fu_931_p2          |       shl|   0|  0|  182|          64|          64|
    |shl_ln613_1_fu_1162_p2        |       shl|   0|  0|   92|          30|          30|
    |shl_ln613_2_fu_1715_p2        |       shl|   0|  0|   92|          30|          30|
    |shl_ln613_3_fu_2268_p2        |       shl|   0|  0|   92|          30|          30|
    |shl_ln613_4_fu_2821_p2        |       shl|   0|  0|   92|          30|          30|
    |shl_ln613_5_fu_3374_p2        |       shl|   0|  0|   92|          30|          30|
    |shl_ln613_6_fu_3927_p2        |       shl|   0|  0|   92|          30|          30|
    |shl_ln613_7_fu_4524_p2        |       shl|   0|  0|   92|          30|          30|
    |shl_ln613_fu_641_p2           |       shl|   0|  0|   92|          30|          30|
    |xor_ln1002_1_fu_1427_p2       |       xor|   0|  0|    2|           1|           2|
    |xor_ln1002_2_fu_1980_p2       |       xor|   0|  0|    2|           1|           2|
    |xor_ln1002_3_fu_2533_p2       |       xor|   0|  0|    2|           1|           2|
    |xor_ln1002_4_fu_3086_p2       |       xor|   0|  0|    2|           1|           2|
    |xor_ln1002_5_fu_3639_p2       |       xor|   0|  0|    2|           1|           2|
    |xor_ln1002_6_fu_4192_p2       |       xor|   0|  0|    2|           1|           2|
    |xor_ln1002_7_fu_4745_p2       |       xor|   0|  0|    2|           1|           2|
    |xor_ln1002_fu_862_p2          |       xor|   0|  0|    2|           1|           2|
    |xor_ln580_1_fu_1728_p2        |       xor|   0|  0|    2|           1|           2|
    |xor_ln580_2_fu_2281_p2        |       xor|   0|  0|    2|           1|           2|
    |xor_ln580_3_fu_2834_p2        |       xor|   0|  0|    2|           1|           2|
    |xor_ln580_4_fu_3387_p2        |       xor|   0|  0|    2|           1|           2|
    |xor_ln580_5_fu_3940_p2        |       xor|   0|  0|    2|           1|           2|
    |xor_ln580_6_fu_4537_p2        |       xor|   0|  0|    2|           1|           2|
    |xor_ln580_fu_1175_p2          |       xor|   0|  0|    2|           1|           2|
    |xor_ln591_1_fu_1749_p2        |       xor|   0|  0|    2|           1|           2|
    |xor_ln591_2_fu_2302_p2        |       xor|   0|  0|    2|           1|           2|
    |xor_ln591_3_fu_2855_p2        |       xor|   0|  0|    2|           1|           2|
    |xor_ln591_4_fu_3408_p2        |       xor|   0|  0|    2|           1|           2|
    |xor_ln591_5_fu_3961_p2        |       xor|   0|  0|    2|           1|           2|
    |xor_ln591_6_fu_4558_p2        |       xor|   0|  0|    2|           1|           2|
    |xor_ln591_fu_1196_p2          |       xor|   0|  0|    2|           1|           2|
    +------------------------------+----------+----+---+-----+------------+------------+
    |Total                         |          |   0|  0|13682|        6178|        7256|
    +------------------------------+----------+----+---+-----+------------+------------+

    * Multiplexer: 
    +---------------------------------------------------+-----+-----------+-----+-----------+
    |                        Name                       | LUT | Input Size| Bits| Total Bits|
    +---------------------------------------------------+-----+-----------+-----+-----------+
    |ap_NS_fsm                                          |  281|         65|    1|         65|
    |ap_done_int                                        |    9|          2|    1|          2|
    |ap_phi_reg_pp0_iter0_output_signal_load_1_reg_426  |    9|          2|   32|         64|
    |ap_phi_reg_pp0_iter0_output_signal_load_2_reg_436  |    9|          2|   32|         64|
    |ap_phi_reg_pp0_iter0_output_signal_load_3_reg_447  |    9|          2|   32|         64|
    |ap_phi_reg_pp0_iter0_output_signal_load_4_reg_458  |    9|          2|   32|         64|
    |ap_phi_reg_pp0_iter0_output_signal_load_5_reg_469  |    9|          2|   32|         64|
    |ap_phi_reg_pp0_iter0_output_signal_load_6_reg_480  |    9|          2|   32|         64|
    |ap_phi_reg_pp0_iter0_output_signal_load_7_reg_491  |    9|          2|   32|         64|
    |ap_phi_reg_pp0_iter0_ref_tmp_i_i_4_0_reg_411       |   20|          4|   30|        120|
    |grp_fu_502_p0                                      |   48|          9|   32|        288|
    |i_1_0_fu_196                                       |    9|          2|   64|        128|
    |output_signal_o                                    |   48|          9|   32|        288|
    +---------------------------------------------------+-----+-----------+-----+-----------+
    |Total                                              |  478|        105|  384|       1339|
    +---------------------------------------------------+-----+-----------+-----+-----------+

    * Register: 
    +---------------------------------------------------+----+----+-----+-----------+
    |                        Name                       | FF | LUT| Bits| Const Bits|
    +---------------------------------------------------+----+----+-----+-----------+
    |and_ln590_1_reg_5712                               |   1|   0|    1|          0|
    |and_ln590_2_reg_5865                               |   1|   0|    1|          0|
    |and_ln590_3_reg_6018                               |   1|   0|    1|          0|
    |and_ln590_4_reg_6171                               |   1|   0|    1|          0|
    |and_ln590_5_reg_6324                               |   1|   0|    1|          0|
    |and_ln590_6_reg_6486                               |   1|   0|    1|          0|
    |and_ln590_reg_5559                                 |   1|   0|    1|          0|
    |ap_CS_fsm                                          |  64|   0|   64|          0|
    |ap_done_reg                                        |   1|   0|    1|          0|
    |ap_phi_reg_pp0_iter0_output_signal_load_1_reg_426  |  32|   0|   32|          0|
    |ap_phi_reg_pp0_iter0_output_signal_load_2_reg_436  |  32|   0|   32|          0|
    |ap_phi_reg_pp0_iter0_output_signal_load_3_reg_447  |  32|   0|   32|          0|
    |ap_phi_reg_pp0_iter0_output_signal_load_4_reg_458  |  32|   0|   32|          0|
    |ap_phi_reg_pp0_iter0_output_signal_load_5_reg_469  |  32|   0|   32|          0|
    |ap_phi_reg_pp0_iter0_output_signal_load_6_reg_480  |  32|   0|   32|          0|
    |ap_phi_reg_pp0_iter0_output_signal_load_7_reg_491  |  32|   0|   32|          0|
    |ap_phi_reg_pp0_iter0_ref_tmp_i_i_4_0_reg_411       |  30|   0|   30|          0|
    |i_1_0_fu_196                                       |  64|   0|   64|          0|
    |icmp_ln1011_1_reg_5616                             |   1|   0|    1|          0|
    |icmp_ln1011_2_reg_5769                             |   1|   0|    1|          0|
    |icmp_ln1011_3_reg_5922                             |   1|   0|    1|          0|
    |icmp_ln1011_4_reg_6075                             |   1|   0|    1|          0|
    |icmp_ln1011_5_reg_6228                             |   1|   0|    1|          0|
    |icmp_ln1011_6_reg_6381                             |   1|   0|    1|          0|
    |icmp_ln1011_7_reg_6534                             |   1|   0|    1|          0|
    |icmp_ln1011_reg_5459                               |   1|   0|    1|          0|
    |icmp_ln1547_1_reg_5573                             |   1|   0|    1|          0|
    |icmp_ln1547_2_reg_5726                             |   1|   0|    1|          0|
    |icmp_ln1547_3_reg_5879                             |   1|   0|    1|          0|
    |icmp_ln1547_4_reg_6032                             |   1|   0|    1|          0|
    |icmp_ln1547_5_reg_6185                             |   1|   0|    1|          0|
    |icmp_ln1547_6_reg_6338                             |   1|   0|    1|          0|
    |icmp_ln1547_7_reg_6491                             |   1|   0|    1|          0|
    |icmp_ln1547_reg_5416                               |   1|   0|    1|          0|
    |icmp_ln580_1_reg_5508                              |   1|   0|    1|          0|
    |icmp_ln580_2_reg_5661                              |   1|   0|    1|          0|
    |icmp_ln580_3_reg_5814                              |   1|   0|    1|          0|
    |icmp_ln580_4_reg_5967                              |   1|   0|    1|          0|
    |icmp_ln580_5_reg_6120                              |   1|   0|    1|          0|
    |icmp_ln580_6_reg_6273                              |   1|   0|    1|          0|
    |icmp_ln580_7_reg_6435                              |   1|   0|    1|          0|
    |icmp_ln580_reg_5346                                |   1|   0|    1|          0|
    |icmp_ln590_1_reg_5520                              |   1|   0|    1|          0|
    |icmp_ln590_2_reg_5673                              |   1|   0|    1|          0|
    |icmp_ln590_3_reg_5826                              |   1|   0|    1|          0|
    |icmp_ln590_4_reg_5979                              |   1|   0|    1|          0|
    |icmp_ln590_5_reg_6132                              |   1|   0|    1|          0|
    |icmp_ln590_6_reg_6285                              |   1|   0|    1|          0|
    |icmp_ln590_7_reg_6447                              |   1|   0|    1|          0|
    |icmp_ln590_reg_5357                                |   1|   0|    1|          0|
    |icmp_ln591_1_reg_5532                              |   1|   0|    1|          0|
    |icmp_ln591_2_reg_5685                              |   1|   0|    1|          0|
    |icmp_ln591_3_reg_5838                              |   1|   0|    1|          0|
    |icmp_ln591_4_reg_5991                              |   1|   0|    1|          0|
    |icmp_ln591_5_reg_6144                              |   1|   0|    1|          0|
    |icmp_ln591_6_reg_6297                              |   1|   0|    1|          0|
    |icmp_ln591_7_reg_6459                              |   1|   0|    1|          0|
    |icmp_ln591_reg_5367                                |   1|   0|    1|          0|
    |icmp_ln594_1_reg_5549                              |   1|   0|    1|          0|
    |icmp_ln594_2_reg_5702                              |   1|   0|    1|          0|
    |icmp_ln594_3_reg_5855                              |   1|   0|    1|          0|
    |icmp_ln594_4_reg_6008                              |   1|   0|    1|          0|
    |icmp_ln594_5_reg_6161                              |   1|   0|    1|          0|
    |icmp_ln594_6_reg_6314                              |   1|   0|    1|          0|
    |icmp_ln594_7_reg_6476                              |   1|   0|    1|          0|
    |icmp_ln594_reg_5376                                |   1|   0|    1|          0|
    |icmp_ln59_reg_5484                                 |   1|   0|    1|          0|
    |icmp_ln612_reg_5371                                |   1|   0|    1|          0|
    |icmp_ln988_1_reg_5577                              |   1|   0|    1|          0|
    |icmp_ln988_2_reg_5730                              |   1|   0|    1|          0|
    |icmp_ln988_3_reg_5883                              |   1|   0|    1|          0|
    |icmp_ln988_4_reg_6036                              |   1|   0|    1|          0|
    |icmp_ln988_5_reg_6189                              |   1|   0|    1|          0|
    |icmp_ln988_6_reg_6342                              |   1|   0|    1|          0|
    |icmp_ln988_7_reg_6495                              |   1|   0|    1|          0|
    |icmp_ln988_reg_5420                                |   1|   0|    1|          0|
    |lshr_ln1015_1_reg_5626                             |  63|   0|   63|          0|
    |lshr_ln1015_2_reg_5779                             |  63|   0|   63|          0|
    |lshr_ln1015_3_reg_5932                             |  63|   0|   63|          0|
    |lshr_ln1015_4_reg_6085                             |  63|   0|   63|          0|
    |lshr_ln1015_5_reg_6238                             |  63|   0|   63|          0|
    |lshr_ln1015_6_reg_6391                             |  63|   0|   63|          0|
    |lshr_ln1015_7_reg_6544                             |  63|   0|   63|          0|
    |lshr_ln_reg_5469                                   |  63|   0|   63|          0|
    |output_signal_load_1_reg_426                       |  32|   0|   32|          0|
    |output_signal_load_2_reg_436                       |  32|   0|   32|          0|
    |output_signal_load_3_reg_447                       |  32|   0|   32|          0|
    |output_signal_load_4_reg_458                       |  32|   0|   32|          0|
    |output_signal_load_5_reg_469                       |  32|   0|   32|          0|
    |output_signal_load_6_reg_480                       |  32|   0|   32|          0|
    |output_signal_load_7_reg_491                       |  32|   0|   32|          0|
    |output_signal_read_reg_5320                        |  32|   0|   32|          0|
    |p_Result_4_1_reg_5498                              |  11|   0|   11|          0|
    |p_Result_4_2_reg_5651                              |  11|   0|   11|          0|
    |p_Result_4_3_reg_5804                              |  11|   0|   11|          0|
    |p_Result_4_4_reg_5957                              |  11|   0|   11|          0|
    |p_Result_4_5_reg_6110                              |  11|   0|   11|          0|
    |p_Result_4_6_reg_6263                              |  11|   0|   11|          0|
    |p_Result_4_7_reg_6425                              |  11|   0|   11|          0|
    |p_Result_4_reg_5336                                |  11|   0|   11|          0|
    |select_ln579_1_reg_5515                            |  54|   0|   54|          0|
    |select_ln579_2_reg_5668                            |  54|   0|   54|          0|
    |select_ln579_3_reg_5821                            |  54|   0|   54|          0|
    |select_ln579_4_reg_5974                            |  54|   0|   54|          0|
    |select_ln579_5_reg_6127                            |  54|   0|   54|          0|
    |select_ln579_6_reg_6280                            |  54|   0|   54|          0|
    |select_ln579_7_reg_6442                            |  54|   0|   54|          0|
    |select_ln579_reg_5350                              |  54|   0|   54|          0|
    |select_ln590_1_reg_5525                            |  12|   0|   12|          0|
    |select_ln590_2_reg_5678                            |  12|   0|   12|          0|
    |select_ln590_3_reg_5831                            |  12|   0|   12|          0|
    |select_ln590_4_reg_5984                            |  12|   0|   12|          0|
    |select_ln590_5_reg_6137                            |  12|   0|   12|          0|
    |select_ln590_6_reg_6290                            |  12|   0|   12|          0|
    |select_ln590_7_reg_6452                            |  12|   0|   12|          0|
    |select_ln591_1_reg_5707                            |  30|   0|   30|          0|
    |select_ln591_2_reg_5860                            |  30|   0|   30|          0|
    |select_ln591_3_reg_6013                            |  30|   0|   30|          0|
    |select_ln591_4_reg_6166                            |  30|   0|   30|          0|
    |select_ln591_5_reg_6319                            |  30|   0|   30|          0|
    |select_ln591_6_reg_6481                            |  30|   0|   30|          0|
    |select_ln591_reg_5554                              |  30|   0|   30|          0|
    |select_ln991_1_reg_5587                            |  30|   0|   30|          0|
    |select_ln991_2_reg_5740                            |  30|   0|   30|          0|
    |select_ln991_3_reg_5893                            |  30|   0|   30|          0|
    |select_ln991_4_reg_6046                            |  30|   0|   30|          0|
    |select_ln991_5_reg_6199                            |  30|   0|   30|          0|
    |select_ln991_6_reg_6352                            |  30|   0|   30|          0|
    |select_ln991_7_reg_6505                            |  30|   0|   30|          0|
    |select_ln991_reg_5430                              |  30|   0|   30|          0|
    |sext_ln591_1_reg_5544                              |  32|   0|   32|          0|
    |sext_ln591_2_reg_5697                              |  32|   0|   32|          0|
    |sext_ln591_3_reg_5850                              |  32|   0|   32|          0|
    |sext_ln591_4_reg_6003                              |  32|   0|   32|          0|
    |sext_ln591_5_reg_6156                              |  32|   0|   32|          0|
    |sext_ln591_6_reg_6309                              |  32|   0|   32|          0|
    |sext_ln591_7_reg_6471                              |  32|   0|   32|          0|
    |sext_ln591_reg_5361                                |  32|   0|   32|          0|
    |sub_ln997_1_reg_5594                               |  32|   0|   32|          0|
    |sub_ln997_2_reg_5747                               |  32|   0|   32|          0|
    |sub_ln997_3_reg_5900                               |  32|   0|   32|          0|
    |sub_ln997_4_reg_6053                               |  32|   0|   32|          0|
    |sub_ln997_5_reg_6206                               |  32|   0|   32|          0|
    |sub_ln997_6_reg_6359                               |  32|   0|   32|          0|
    |sub_ln997_7_reg_6512                               |  32|   0|   32|          0|
    |sub_ln997_reg_5437                                 |  32|   0|   32|          0|
    |tmp_12_reg_6023                                    |  30|   0|   30|          0|
    |tmp_15_reg_6176                                    |  30|   0|   30|          0|
    |tmp_18_reg_6329                                    |  30|   0|   30|          0|
    |tmp_21_reg_6406                                    |  30|   0|   30|          0|
    |tmp_23_reg_5331                                    |   1|   0|    1|          0|
    |tmp_25_reg_5425                                    |   1|   0|    1|          0|
    |tmp_28_reg_5474                                    |   1|   0|    1|          0|
    |tmp_29_reg_5493                                    |   1|   0|    1|          0|
    |tmp_2_reg_5564                                     |  30|   0|   30|          0|
    |tmp_31_reg_5582                                    |   1|   0|    1|          0|
    |tmp_34_reg_5631                                    |   1|   0|    1|          0|
    |tmp_35_reg_5646                                    |   1|   0|    1|          0|
    |tmp_37_reg_5735                                    |   1|   0|    1|          0|
    |tmp_40_reg_5784                                    |   1|   0|    1|          0|
    |tmp_41_reg_5799                                    |   1|   0|    1|          0|
    |tmp_43_reg_5888                                    |   1|   0|    1|          0|
    |tmp_46_reg_5937                                    |   1|   0|    1|          0|
    |tmp_47_reg_5952                                    |   1|   0|    1|          0|
    |tmp_49_reg_6041                                    |   1|   0|    1|          0|
    |tmp_52_reg_6090                                    |   1|   0|    1|          0|
    |tmp_53_reg_6105                                    |   1|   0|    1|          0|
    |tmp_55_reg_6194                                    |   1|   0|    1|          0|
    |tmp_58_reg_6243                                    |   1|   0|    1|          0|
    |tmp_59_reg_6258                                    |   1|   0|    1|          0|
    |tmp_5_reg_5717                                     |  30|   0|   30|          0|
    |tmp_61_reg_6347                                    |   1|   0|    1|          0|
    |tmp_64_reg_6396                                    |   1|   0|    1|          0|
    |tmp_65_reg_6420                                    |   1|   0|    1|          0|
    |tmp_67_reg_6500                                    |   1|   0|    1|          0|
    |tmp_70_reg_6549                                    |   1|   0|    1|          0|
    |tmp_8_reg_5870                                     |  30|   0|   30|          0|
    |tmp_reg_5407                                       |  30|   0|   30|          0|
    |tobool34_i_i283_0_reg_5464                         |   1|   0|    1|          0|
    |tobool34_i_i283_1_reg_5621                         |   1|   0|    1|          0|
    |tobool34_i_i283_2_reg_5774                         |   1|   0|    1|          0|
    |tobool34_i_i283_3_reg_5927                         |   1|   0|    1|          0|
    |tobool34_i_i283_4_reg_6080                         |   1|   0|    1|          0|
    |tobool34_i_i283_5_reg_6233                         |   1|   0|    1|          0|
    |tobool34_i_i283_6_reg_6386                         |   1|   0|    1|          0|
    |tobool34_i_i283_7_reg_6539                         |   1|   0|    1|          0|
    |trunc_ln1000_1_reg_5606                            |   5|   0|    5|          0|
    |trunc_ln1000_2_reg_5759                            |   5|   0|    5|          0|
    |trunc_ln1000_3_reg_5912                            |   5|   0|    5|          0|
    |trunc_ln1000_4_reg_6065                            |   5|   0|    5|          0|
    |trunc_ln1000_5_reg_6218                            |   5|   0|    5|          0|
    |trunc_ln1000_6_reg_6371                            |   5|   0|    5|          0|
    |trunc_ln1000_7_reg_6524                            |   5|   0|    5|          0|
    |trunc_ln1000_reg_5449                              |   5|   0|    5|          0|
    |trunc_ln1547_reg_5396                              |   6|   0|    6|          0|
    |trunc_ln574_1_reg_5503                             |  52|   0|   52|          0|
    |trunc_ln574_2_reg_5656                             |  52|   0|   52|          0|
    |trunc_ln574_3_reg_5809                             |  52|   0|   52|          0|
    |trunc_ln574_4_reg_5962                             |  52|   0|   52|          0|
    |trunc_ln574_5_reg_6115                             |  52|   0|   52|          0|
    |trunc_ln574_6_reg_6268                             |  52|   0|   52|          0|
    |trunc_ln574_7_reg_6430                             |  52|   0|   52|          0|
    |trunc_ln574_reg_5341                               |  52|   0|   52|          0|
    |trunc_ln592_1_reg_5538                             |  30|   0|   30|          0|
    |trunc_ln592_2_reg_5691                             |  30|   0|   30|          0|
    |trunc_ln592_3_reg_5844                             |  30|   0|   30|          0|
    |trunc_ln592_4_reg_5997                             |  30|   0|   30|          0|
    |trunc_ln592_5_reg_6150                             |  30|   0|   30|          0|
    |trunc_ln592_6_reg_6303                             |  30|   0|   30|          0|
    |trunc_ln592_7_reg_6465                             |  30|   0|   30|          0|
    |trunc_ln996_1_reg_5611                             |   8|   0|    8|          0|
    |trunc_ln996_2_reg_5764                             |   8|   0|    8|          0|
    |trunc_ln996_3_reg_5917                             |   8|   0|    8|          0|
    |trunc_ln996_4_reg_6070                             |   8|   0|    8|          0|
    |trunc_ln996_5_reg_6223                             |   8|   0|    8|          0|
    |trunc_ln996_6_reg_6376                             |   8|   0|    8|          0|
    |trunc_ln996_7_reg_6529                             |   8|   0|    8|          0|
    |trunc_ln996_reg_5454                               |   8|   0|    8|          0|
    |trunc_ln997_1_reg_5601                             |  30|   0|   30|          0|
    |trunc_ln997_2_reg_5754                             |  30|   0|   30|          0|
    |trunc_ln997_3_reg_5907                             |  30|   0|   30|          0|
    |trunc_ln997_4_reg_6060                             |  30|   0|   30|          0|
    |trunc_ln997_5_reg_6213                             |  30|   0|   30|          0|
    |trunc_ln997_6_reg_6366                             |  30|   0|   30|          0|
    |trunc_ln997_7_reg_6519                             |  30|   0|   30|          0|
    |trunc_ln997_reg_5444                               |  30|   0|   30|          0|
    +---------------------------------------------------+----+----+-----+-----------+
    |Total                                              |4022|   0| 4022|          0|
    +---------------------------------------------------+----+----+-----+-----------+



================================================================
== Interface
================================================================
* Summary: 
+------------------------+-----+-----+------------+-----------------------------------+--------------+
|        RTL Ports       | Dir | Bits|  Protocol  |           Source Object           |    C Type    |
+------------------------+-----+-----+------------+-----------------------------------+--------------+
|ap_clk                  |   in|    1|  ap_ctrl_hs|  correlator_Pipeline_Find_max_loop|  return value|
|ap_rst                  |   in|    1|  ap_ctrl_hs|  correlator_Pipeline_Find_max_loop|  return value|
|ap_start                |   in|    1|  ap_ctrl_hs|  correlator_Pipeline_Find_max_loop|  return value|
|ap_done                 |  out|    1|  ap_ctrl_hs|  correlator_Pipeline_Find_max_loop|  return value|
|ap_idle                 |  out|    1|  ap_ctrl_hs|  correlator_Pipeline_Find_max_loop|  return value|
|ap_ready                |  out|    1|  ap_ctrl_hs|  correlator_Pipeline_Find_max_loop|  return value|
|grp_fu_948_p_din0       |  out|   32|  ap_ctrl_hs|  correlator_Pipeline_Find_max_loop|  return value|
|grp_fu_948_p_dout0      |   in|   64|  ap_ctrl_hs|  correlator_Pipeline_Find_max_loop|  return value|
|grp_fu_948_p_ce         |  out|    1|  ap_ctrl_hs|  correlator_Pipeline_Find_max_loop|  return value|
|output_signal_i         |   in|   32|     ap_ovld|                      output_signal|       pointer|
|output_signal_o         |  out|   32|     ap_ovld|                      output_signal|       pointer|
|output_signal_o_ap_vld  |  out|    1|     ap_ovld|                      output_signal|       pointer|
|acc_V_0_3_reload        |   in|   30|     ap_none|                   acc_V_0_3_reload|        scalar|
|acc_V_1_3_reload        |   in|   30|     ap_none|                   acc_V_1_3_reload|        scalar|
|acc_V_2_3_reload        |   in|   30|     ap_none|                   acc_V_2_3_reload|        scalar|
|acc_V_3_3_reload        |   in|   30|     ap_none|                   acc_V_3_3_reload|        scalar|
|acc_V_4_3_reload        |   in|   30|     ap_none|                   acc_V_4_3_reload|        scalar|
|acc_V_5_3_reload        |   in|   30|     ap_none|                   acc_V_5_3_reload|        scalar|
|acc_V_6_3_reload        |   in|   30|     ap_none|                   acc_V_6_3_reload|        scalar|
|acc_V_7_3_reload        |   in|   30|     ap_none|                   acc_V_7_3_reload|        scalar|
|acc_V_8_3_reload        |   in|   30|     ap_none|                   acc_V_8_3_reload|        scalar|
|acc_V_9_3_reload        |   in|   30|     ap_none|                   acc_V_9_3_reload|        scalar|
|acc_V_10_3_reload       |   in|   30|     ap_none|                  acc_V_10_3_reload|        scalar|
|acc_V_11_3_reload       |   in|   30|     ap_none|                  acc_V_11_3_reload|        scalar|
|acc_V_12_3_reload       |   in|   30|     ap_none|                  acc_V_12_3_reload|        scalar|
|acc_V_13_3_reload       |   in|   30|     ap_none|                  acc_V_13_3_reload|        scalar|
|acc_V_14_3_reload       |   in|   30|     ap_none|                  acc_V_14_3_reload|        scalar|
|acc_V_15_3_reload       |   in|   30|     ap_none|                  acc_V_15_3_reload|        scalar|
|acc_V_16_3_reload       |   in|   30|     ap_none|                  acc_V_16_3_reload|        scalar|
|acc_V_17_3_reload       |   in|   30|     ap_none|                  acc_V_17_3_reload|        scalar|
|acc_V_18_3_reload       |   in|   30|     ap_none|                  acc_V_18_3_reload|        scalar|
|acc_V_19_3_reload       |   in|   30|     ap_none|                  acc_V_19_3_reload|        scalar|
|acc_V_20_3_reload       |   in|   30|     ap_none|                  acc_V_20_3_reload|        scalar|
|acc_V_21_3_reload       |   in|   30|     ap_none|                  acc_V_21_3_reload|        scalar|
|acc_V_22_3_reload       |   in|   30|     ap_none|                  acc_V_22_3_reload|        scalar|
|acc_V_23_3_reload       |   in|   30|     ap_none|                  acc_V_23_3_reload|        scalar|
|acc_V_24_3_reload       |   in|   30|     ap_none|                  acc_V_24_3_reload|        scalar|
|acc_V_25_3_reload       |   in|   30|     ap_none|                  acc_V_25_3_reload|        scalar|
|acc_V_26_3_reload       |   in|   30|     ap_none|                  acc_V_26_3_reload|        scalar|
|acc_V_27_3_reload       |   in|   30|     ap_none|                  acc_V_27_3_reload|        scalar|
|acc_V_28_3_reload       |   in|   30|     ap_none|                  acc_V_28_3_reload|        scalar|
|acc_V_29_3_reload       |   in|   30|     ap_none|                  acc_V_29_3_reload|        scalar|
|acc_V_30_3_reload       |   in|   30|     ap_none|                  acc_V_30_3_reload|        scalar|
|acc_V_31_3_reload       |   in|   30|     ap_none|                  acc_V_31_3_reload|        scalar|
|acc_V_32_3_reload       |   in|   30|     ap_none|                  acc_V_32_3_reload|        scalar|
+------------------------+-----+-----+------------+-----------------------------------+--------------+

