

================================================================
== Vitis HLS Report for 'correlator'
================================================================
* Date:           Wed Dec  8 22:06:48 2021

* Version:        2020.1 (Build 2902540 on Wed May 27 20:16:15 MDT 2020)
* Project:        hls
* Solution:       solution1 (Vivado IP Flow Target)
* Product family: zynq
* Target device:  xc7z020-clg400-1


================================================================
== Performance Estimates
================================================================
+ Timing: 
    * Summary: 
    +--------+----------+----------+------------+
    |  Clock |  Target  | Estimated| Uncertainty|
    +--------+----------+----------+------------+
    |ap_clk  | 10.00 ns | 6.912 ns |   2.70 ns  |
    +--------+----------+----------+------------+

+ Latency: 
    * Summary: 
    +---------+---------+----------+----------+-----+-----+---------+
    |  Latency (cycles) |  Latency (absolute) |  Interval | Pipeline|
    |   min   |   max   |    min   |    max   | min | max |   Type  |
    +---------+---------+----------+----------+-----+-----+---------+
    |       53|       53| 0.530 us | 0.530 us |   53|   53|   none  |
    +---------+---------+----------+----------+-----+-----+---------+

    + Detail: 
        * Instance: 
        N/A

        * Loop: 
        +----------+---------+---------+----------+-----------+-----------+------+----------+
        |          |  Latency (cycles) | Iteration|  Initiation Interval  | Trip |          |
        | Loop Name|   min   |   max   |  Latency |  achieved |   target  | Count| Pipelined|
        +----------+---------+---------+----------+-----------+-----------+------+----------+
        |- BANK    |       51|       51|        20|          1|          1|    33|    yes   |
        +----------+---------+---------+----------+-----------+-----------+------+----------+



================================================================
== Utilization Estimates
================================================================
* Summary: 
+-----------------+---------+-----+--------+-------+-----+
|       Name      | BRAM_18K| DSP |   FF   |  LUT  | URAM|
+-----------------+---------+-----+--------+-------+-----+
|DSP              |        -|    -|       -|      -|    -|
|Expression       |        -|    -|       0|   1367|    -|
|FIFO             |        -|    -|       -|      -|    -|
|Instance         |        -|    0|    5115|   1550|    -|
|Memory           |        0|    -|      62|     62|    -|
|Multiplexer      |        -|    -|       -|     66|    -|
|Register         |        -|    -|    5404|    864|    -|
+-----------------+---------+-----+--------+-------+-----+
|Total            |        0|    0|   10581|   3909|    0|
+-----------------+---------+-----+--------+-------+-----+
|Available        |      280|  220|  106400|  53200|    0|
+-----------------+---------+-----+--------+-------+-----+
|Utilization (%)  |        0|    0|       9|      7|    0|
+-----------------+---------+-----+--------+-------+-----+

+ Detail: 
    * Instance: 
    +-----------------------+-------------------+---------+----+-----+----+-----+
    |        Instance       |       Module      | BRAM_18K| DSP|  FF | LUT| URAM|
    +-----------------------+-------------------+---------+----+-----+----+-----+
    |mul_32s_2s_34_2_1_U42  |mul_32s_2s_34_2_1  |        0|   0|  165|  50|    0|
    |mul_32s_2s_34_2_1_U43  |mul_32s_2s_34_2_1  |        0|   0|  165|  50|    0|
    |mul_32s_2s_34_2_1_U44  |mul_32s_2s_34_2_1  |        0|   0|  165|  50|    0|
    |mul_32s_2s_34_2_1_U45  |mul_32s_2s_34_2_1  |        0|   0|  165|  50|    0|
    |mul_32s_2s_34_2_1_U46  |mul_32s_2s_34_2_1  |        0|   0|  165|  50|    0|
    |mul_32s_2s_34_2_1_U47  |mul_32s_2s_34_2_1  |        0|   0|  165|  50|    0|
    |mul_32s_2s_34_2_1_U48  |mul_32s_2s_34_2_1  |        0|   0|  165|  50|    0|
    |mul_32s_2s_34_2_1_U49  |mul_32s_2s_34_2_1  |        0|   0|  165|  50|    0|
    |mul_32s_2s_34_2_1_U50  |mul_32s_2s_34_2_1  |        0|   0|  165|  50|    0|
    |mul_32s_2s_34_2_1_U51  |mul_32s_2s_34_2_1  |        0|   0|  165|  50|    0|
    |mul_32s_2s_34_2_1_U52  |mul_32s_2s_34_2_1  |        0|   0|  165|  50|    0|
    |mul_32s_2s_34_2_1_U53  |mul_32s_2s_34_2_1  |        0|   0|  165|  50|    0|
    |mul_32s_2s_34_2_1_U54  |mul_32s_2s_34_2_1  |        0|   0|  165|  50|    0|
    |mul_32s_2s_34_2_1_U55  |mul_32s_2s_34_2_1  |        0|   0|  165|  50|    0|
    |mul_32s_2s_34_2_1_U56  |mul_32s_2s_34_2_1  |        0|   0|  165|  50|    0|
    |mul_32s_2s_34_2_1_U57  |mul_32s_2s_34_2_1  |        0|   0|  165|  50|    0|
    |mul_32s_2s_34_2_1_U58  |mul_32s_2s_34_2_1  |        0|   0|  165|  50|    0|
    |mul_32s_2s_34_2_1_U59  |mul_32s_2s_34_2_1  |        0|   0|  165|  50|    0|
    |mul_32s_2s_34_2_1_U60  |mul_32s_2s_34_2_1  |        0|   0|  165|  50|    0|
    |mul_32s_2s_34_2_1_U61  |mul_32s_2s_34_2_1  |        0|   0|  165|  50|    0|
    |mul_32s_2s_34_2_1_U62  |mul_32s_2s_34_2_1  |        0|   0|  165|  50|    0|
    |mul_32s_2s_34_2_1_U63  |mul_32s_2s_34_2_1  |        0|   0|  165|  50|    0|
    |mul_32s_2s_34_2_1_U64  |mul_32s_2s_34_2_1  |        0|   0|  165|  50|    0|
    |mul_32s_2s_34_2_1_U65  |mul_32s_2s_34_2_1  |        0|   0|  165|  50|    0|
    |mul_32s_2s_34_2_1_U66  |mul_32s_2s_34_2_1  |        0|   0|  165|  50|    0|
    |mul_32s_2s_34_2_1_U67  |mul_32s_2s_34_2_1  |        0|   0|  165|  50|    0|
    |mul_32s_2s_34_2_1_U68  |mul_32s_2s_34_2_1  |        0|   0|  165|  50|    0|
    |mul_32s_2s_34_2_1_U69  |mul_32s_2s_34_2_1  |        0|   0|  165|  50|    0|
    |mul_32s_2s_34_2_1_U70  |mul_32s_2s_34_2_1  |        0|   0|  165|  50|    0|
    |mul_32s_2s_34_2_1_U71  |mul_32s_2s_34_2_1  |        0|   0|  165|  50|    0|
    |mul_32s_2s_34_2_1_U72  |mul_32s_2s_34_2_1  |        0|   0|  165|  50|    0|
    +-----------------------+-------------------+---------+----+-----+----+-----+
    |Total                  |                   |        0|   0| 5115|1550|    0|
    +-----------------------+-------------------+---------+----+-----+----+-----+

    * DSP: 
    N/A

    * Memory: 
    +-----------------+--------------------------+---------+---+----+-----+------+-----+------+-------------+
    |      Memory     |          Module          | BRAM_18K| FF| LUT| URAM| Words| Bits| Banks| W*Bits*Banks|
    +-----------------+--------------------------+---------+---+----+-----+------+-----+------+-------------+
    |codebook_V_0_U   |correlator_codebook_V_0   |        0|  2|   2|    0|    33|    2|     1|           66|
    |codebook_V_1_U   |correlator_codebook_V_1   |        0|  2|   2|    0|    33|    2|     1|           66|
    |codebook_V_10_U  |correlator_codebook_V_10  |        0|  2|   2|    0|    33|    2|     1|           66|
    |codebook_V_11_U  |correlator_codebook_V_11  |        0|  2|   2|    0|    33|    2|     1|           66|
    |codebook_V_12_U  |correlator_codebook_V_12  |        0|  2|   2|    0|    33|    2|     1|           66|
    |codebook_V_13_U  |correlator_codebook_V_13  |        0|  2|   2|    0|    33|    2|     1|           66|
    |codebook_V_14_U  |correlator_codebook_V_14  |        0|  2|   2|    0|    33|    2|     1|           66|
    |codebook_V_15_U  |correlator_codebook_V_15  |        0|  2|   2|    0|    33|    2|     1|           66|
    |codebook_V_16_U  |correlator_codebook_V_16  |        0|  2|   2|    0|    33|    2|     1|           66|
    |codebook_V_17_U  |correlator_codebook_V_17  |        0|  2|   2|    0|    33|    2|     1|           66|
    |codebook_V_18_U  |correlator_codebook_V_18  |        0|  2|   2|    0|    33|    2|     1|           66|
    |codebook_V_19_U  |correlator_codebook_V_19  |        0|  2|   2|    0|    33|    2|     1|           66|
    |codebook_V_2_U   |correlator_codebook_V_2   |        0|  2|   2|    0|    33|    2|     1|           66|
    |codebook_V_20_U  |correlator_codebook_V_20  |        0|  2|   2|    0|    33|    2|     1|           66|
    |codebook_V_21_U  |correlator_codebook_V_21  |        0|  2|   2|    0|    33|    2|     1|           66|
    |codebook_V_22_U  |correlator_codebook_V_22  |        0|  2|   2|    0|    33|    2|     1|           66|
    |codebook_V_23_U  |correlator_codebook_V_23  |        0|  2|   2|    0|    33|    2|     1|           66|
    |codebook_V_24_U  |correlator_codebook_V_24  |        0|  2|   2|    0|    33|    2|     1|           66|
    |codebook_V_25_U  |correlator_codebook_V_25  |        0|  2|   2|    0|    33|    2|     1|           66|
    |codebook_V_26_U  |correlator_codebook_V_26  |        0|  2|   2|    0|    33|    2|     1|           66|
    |codebook_V_27_U  |correlator_codebook_V_27  |        0|  2|   2|    0|    33|    2|     1|           66|
    |codebook_V_28_U  |correlator_codebook_V_28  |        0|  2|   2|    0|    33|    2|     1|           66|
    |codebook_V_29_U  |correlator_codebook_V_29  |        0|  2|   2|    0|    33|    2|     1|           66|
    |codebook_V_3_U   |correlator_codebook_V_3   |        0|  2|   2|    0|    33|    2|     1|           66|
    |codebook_V_30_U  |correlator_codebook_V_30  |        0|  2|   2|    0|    33|    2|     1|           66|
    |codebook_V_4_U   |correlator_codebook_V_4   |        0|  2|   2|    0|    33|    2|     1|           66|
    |codebook_V_5_U   |correlator_codebook_V_5   |        0|  2|   2|    0|    33|    2|     1|           66|
    |codebook_V_6_U   |correlator_codebook_V_6   |        0|  2|   2|    0|    33|    2|     1|           66|
    |codebook_V_7_U   |correlator_codebook_V_7   |        0|  2|   2|    0|    33|    2|     1|           66|
    |codebook_V_8_U   |correlator_codebook_V_8   |        0|  2|   2|    0|    33|    2|     1|           66|
    |codebook_V_9_U   |correlator_codebook_V_9   |        0|  2|   2|    0|    33|    2|     1|           66|
    +-----------------+--------------------------+---------+---+----+-----+------+-----+------+-------------+
    |Total            |                          |        0| 62|  62|    0|  1023|   62|    31|         2046|
    +-----------------+--------------------------+---------+---+----+-----+------+-----+------+-------------+

    * FIFO: 
    N/A

    * Expression: 
    +--------------------------+----------+----+---+----+------------+------------+
    |       Variable Name      | Operation| DSP| FF| LUT| Bitwidth P0| Bitwidth P1|
    +--------------------------+----------+----+---+----+------------+------------+
    |add_ln1192_23_fu_1195_p2  |     +    |   0|  0|  43|          36|          36|
    |add_ln1192_24_fu_1241_p2  |     +    |   0|  0|  44|          37|          37|
    |add_ln1192_25_fu_1268_p2  |     +    |   0|  0|  44|          37|          37|
    |add_ln1192_26_fu_1310_p2  |     +    |   0|  0|  44|          37|          37|
    |add_ln1192_27_fu_1337_p2  |     +    |   0|  0|  44|          37|          37|
    |add_ln1192_28_fu_1379_p2  |     +    |   0|  0|  44|          37|          37|
    |add_ln1192_29_fu_1406_p2  |     +    |   0|  0|  44|          37|          37|
    |add_ln1192_30_fu_1448_p2  |     +    |   0|  0|  44|          37|          37|
    |add_ln1192_31_fu_1475_p2  |     +    |   0|  0|  44|          37|          37|
    |add_ln1192_32_fu_1517_p2  |     +    |   0|  0|  44|          37|          37|
    |add_ln1192_33_fu_1544_p2  |     +    |   0|  0|  44|          37|          37|
    |add_ln1192_34_fu_1586_p2  |     +    |   0|  0|  44|          37|          37|
    |add_ln1192_35_fu_1613_p2  |     +    |   0|  0|  44|          37|          37|
    |add_ln1192_36_fu_1655_p2  |     +    |   0|  0|  44|          37|          37|
    |add_ln1192_37_fu_1682_p2  |     +    |   0|  0|  44|          37|          37|
    |add_ln1192_38_fu_1724_p2  |     +    |   0|  0|  44|          37|          37|
    |add_ln1192_39_fu_1751_p2  |     +    |   0|  0|  44|          37|          37|
    |add_ln1192_40_fu_1793_p2  |     +    |   0|  0|  44|          37|          37|
    |add_ln1192_41_fu_1820_p2  |     +    |   0|  0|  44|          37|          37|
    |add_ln1192_42_fu_1862_p2  |     +    |   0|  0|  44|          37|          37|
    |add_ln1192_43_fu_1889_p2  |     +    |   0|  0|  44|          37|          37|
    |add_ln1192_44_fu_1931_p2  |     +    |   0|  0|  44|          37|          37|
    |add_ln1192_45_fu_1958_p2  |     +    |   0|  0|  44|          37|          37|
    |add_ln1192_46_fu_2000_p2  |     +    |   0|  0|  44|          37|          37|
    |add_ln1192_47_fu_2027_p2  |     +    |   0|  0|  44|          37|          37|
    |add_ln1192_48_fu_2069_p2  |     +    |   0|  0|  44|          37|          37|
    |add_ln1192_49_fu_2096_p2  |     +    |   0|  0|  44|          37|          37|
    |add_ln1192_50_fu_2122_p2  |     +    |   0|  0|  44|          37|          37|
    |add_ln1192_51_fu_2149_p2  |     +    |   0|  0|  44|          37|          37|
    |add_ln1192_fu_1164_p2     |     +    |   0|  0|  42|          35|          35|
    |add_ln139_fu_1058_p2      |     +    |   0|  0|  15|           6|           1|
    |icmp_ln139_fu_1052_p2     |   icmp   |   0|  0|  11|           6|           6|
    |icmp_ln1494_fu_2165_p2    |   icmp   |   0|  0|  18|          32|          32|
    |ap_block_state1           |    or    |   0|  0|   2|           1|           1|
    |ap_enable_pp0             |    xor   |   0|  0|   2|           1|           2|
    |ap_enable_reg_pp0_iter1   |    xor   |   0|  0|   2|           2|           1|
    +--------------------------+----------+----+---+----+------------+------------+
    |Total                     |          |   0|  0|1367|        1155|        1150|
    +--------------------------+----------+----+---+----+------------+------------+

    * Multiplexer: 
    +--------------------------+----+-----------+-----+-----------+
    |           Name           | LUT| Input Size| Bits| Total Bits|
    +--------------------------+----+-----------+-----+-----------+
    |ap_NS_fsm                 |  21|          4|    1|          4|
    |ap_done                   |   9|          2|    1|          2|
    |ap_enable_reg_pp0_iter1   |   9|          2|    1|          2|
    |ap_enable_reg_pp0_iter19  |   9|          2|    1|          2|
    |i_reg_617                 |   9|          2|    6|         12|
    |input_r_blk_n             |   9|          2|    1|          2|
    +--------------------------+----+-----------+-----+-----------+
    |Total                     |  66|         14|   11|         24|
    +--------------------------+----+-----------+-----+-----------+

    * Register: 
    +------------------------------------------+----+----+-----+-----------+
    |                   Name                   | FF | LUT| Bits| Const Bits|
    +------------------------------------------+----+----+-----+-----------+
    |ap_CS_fsm                                 |   3|   0|    3|          0|
    |ap_done_reg                               |   1|   0|    1|          0|
    |ap_enable_reg_pp0_iter0                   |   1|   0|    1|          0|
    |ap_enable_reg_pp0_iter1                   |   1|   0|    1|          0|
    |ap_enable_reg_pp0_iter10                  |   1|   0|    1|          0|
    |ap_enable_reg_pp0_iter11                  |   1|   0|    1|          0|
    |ap_enable_reg_pp0_iter12                  |   1|   0|    1|          0|
    |ap_enable_reg_pp0_iter13                  |   1|   0|    1|          0|
    |ap_enable_reg_pp0_iter14                  |   1|   0|    1|          0|
    |ap_enable_reg_pp0_iter15                  |   1|   0|    1|          0|
    |ap_enable_reg_pp0_iter16                  |   1|   0|    1|          0|
    |ap_enable_reg_pp0_iter17                  |   1|   0|    1|          0|
    |ap_enable_reg_pp0_iter18                  |   1|   0|    1|          0|
    |ap_enable_reg_pp0_iter19                  |   1|   0|    1|          0|
    |ap_enable_reg_pp0_iter2                   |   1|   0|    1|          0|
    |ap_enable_reg_pp0_iter3                   |   1|   0|    1|          0|
    |ap_enable_reg_pp0_iter4                   |   1|   0|    1|          0|
    |ap_enable_reg_pp0_iter5                   |   1|   0|    1|          0|
    |ap_enable_reg_pp0_iter6                   |   1|   0|    1|          0|
    |ap_enable_reg_pp0_iter7                   |   1|   0|    1|          0|
    |ap_enable_reg_pp0_iter8                   |   1|   0|    1|          0|
    |ap_enable_reg_pp0_iter9                   |   1|   0|    1|          0|
    |codebook_V_0_load_reg_2494                |   2|   0|    2|          0|
    |codebook_V_10_load_reg_2544               |   2|   0|    2|          0|
    |codebook_V_11_load_reg_2549               |   2|   0|    2|          0|
    |codebook_V_12_load_reg_2554               |   2|   0|    2|          0|
    |codebook_V_13_load_reg_2559               |   2|   0|    2|          0|
    |codebook_V_14_load_reg_2564               |   2|   0|    2|          0|
    |codebook_V_15_load_reg_2569               |   2|   0|    2|          0|
    |codebook_V_16_load_reg_2574               |   2|   0|    2|          0|
    |codebook_V_17_load_reg_2579               |   2|   0|    2|          0|
    |codebook_V_18_load_reg_2584               |   2|   0|    2|          0|
    |codebook_V_19_load_reg_2589               |   2|   0|    2|          0|
    |codebook_V_1_load_reg_2499                |   2|   0|    2|          0|
    |codebook_V_20_load_reg_2594               |   2|   0|    2|          0|
    |codebook_V_21_load_reg_2599               |   2|   0|    2|          0|
    |codebook_V_22_load_reg_2604               |   2|   0|    2|          0|
    |codebook_V_23_load_reg_2609               |   2|   0|    2|          0|
    |codebook_V_24_load_reg_2614               |   2|   0|    2|          0|
    |codebook_V_25_load_reg_2619               |   2|   0|    2|          0|
    |codebook_V_26_load_reg_2624               |   2|   0|    2|          0|
    |codebook_V_27_load_reg_2629               |   2|   0|    2|          0|
    |codebook_V_28_load_reg_2634               |   2|   0|    2|          0|
    |codebook_V_29_load_reg_2639               |   2|   0|    2|          0|
    |codebook_V_2_load_reg_2504                |   2|   0|    2|          0|
    |codebook_V_30_load_reg_2644               |   2|   0|    2|          0|
    |codebook_V_3_load_reg_2509                |   2|   0|    2|          0|
    |codebook_V_3_load_reg_2509_pp0_iter2_reg  |   2|   0|    2|          0|
    |codebook_V_4_load_reg_2514                |   2|   0|    2|          0|
    |codebook_V_4_load_reg_2514_pp0_iter2_reg  |   2|   0|    2|          0|
    |codebook_V_5_load_reg_2519                |   2|   0|    2|          0|
    |codebook_V_6_load_reg_2524                |   2|   0|    2|          0|
    |codebook_V_7_load_reg_2529                |   2|   0|    2|          0|
    |codebook_V_8_load_reg_2534                |   2|   0|    2|          0|
    |codebook_V_9_load_reg_2539                |   2|   0|    2|          0|
    |i_reg_617                                 |   6|   0|    6|          0|
    |mul_ln1118_24_reg_2669                    |  34|   0|   34|          0|
    |mul_ln1118_25_reg_2674                    |  34|   0|   34|          0|
    |mul_ln1118_26_reg_2694                    |  34|   0|   34|          0|
    |mul_ln1118_27_reg_2699                    |  34|   0|   34|          0|
    |mul_ln1118_28_reg_2719                    |  34|   0|   34|          0|
    |mul_ln1118_29_reg_2724                    |  34|   0|   34|          0|
    |mul_ln1118_30_reg_2744                    |  34|   0|   34|          0|
    |mul_ln1118_31_reg_2749                    |  34|   0|   34|          0|
    |mul_ln1118_32_reg_2769                    |  34|   0|   34|          0|
    |mul_ln1118_33_reg_2774                    |  34|   0|   34|          0|
    |mul_ln1118_34_reg_2794                    |  34|   0|   34|          0|
    |mul_ln1118_35_reg_2799                    |  34|   0|   34|          0|
    |mul_ln1118_36_reg_2819                    |  34|   0|   34|          0|
    |mul_ln1118_37_reg_2824                    |  34|   0|   34|          0|
    |mul_ln1118_38_reg_2844                    |  34|   0|   34|          0|
    |mul_ln1118_39_reg_2849                    |  34|   0|   34|          0|
    |mul_ln1118_40_reg_2869                    |  34|   0|   34|          0|
    |mul_ln1118_41_reg_2874                    |  34|   0|   34|          0|
    |mul_ln1118_42_reg_2894                    |  34|   0|   34|          0|
    |mul_ln1118_43_reg_2899                    |  34|   0|   34|          0|
    |mul_ln1118_44_reg_2919                    |  34|   0|   34|          0|
    |mul_ln1118_45_reg_2924                    |  34|   0|   34|          0|
    |mul_ln1118_46_reg_2944                    |  34|   0|   34|          0|
    |mul_ln1118_47_reg_2949                    |  34|   0|   34|          0|
    |mul_ln1118_48_reg_2969                    |  34|   0|   34|          0|
    |mul_ln1118_49_reg_2974                    |  34|   0|   34|          0|
    |mul_ln1118_50_reg_2994                    |  34|   0|   34|          0|
    |mul_ln1118_51_reg_2999                    |  34|   0|   34|          0|
    |mul_ln1118_52_reg_3019                    |  34|   0|   34|          0|
    |mul_ln1118_53_reg_3024                    |  34|   0|   34|          0|
    |output_addr_reg_2488                      |   6|   0|    6|          0|
    |output_load_reg_3035                      |  32|   0|   32|          0|
    |sext_ln1116_10_reg_2219                   |  34|   0|   34|          0|
    |sext_ln1116_11_reg_2224                   |  34|   0|   34|          0|
    |sext_ln1116_12_reg_2229                   |  34|   0|   34|          0|
    |sext_ln1116_13_reg_2234                   |  34|   0|   34|          0|
    |sext_ln1116_14_reg_2239                   |  34|   0|   34|          0|
    |sext_ln1116_15_reg_2244                   |  34|   0|   34|          0|
    |sext_ln1116_16_reg_2249                   |  34|   0|   34|          0|
    |sext_ln1116_17_reg_2254                   |  34|   0|   34|          0|
    |sext_ln1116_18_reg_2259                   |  34|   0|   34|          0|
    |sext_ln1116_19_reg_2264                   |  34|   0|   34|          0|
    |sext_ln1116_1_reg_2174                    |  34|   0|   34|          0|
    |sext_ln1116_20_reg_2269                   |  34|   0|   34|          0|
    |sext_ln1116_21_reg_2274                   |  34|   0|   34|          0|
    |sext_ln1116_22_reg_2279                   |  34|   0|   34|          0|
    |sext_ln1116_23_reg_2284                   |  34|   0|   34|          0|
    |sext_ln1116_24_reg_2289                   |  34|   0|   34|          0|
    |sext_ln1116_25_reg_2294                   |  34|   0|   34|          0|
    |sext_ln1116_26_reg_2299                   |  34|   0|   34|          0|
    |sext_ln1116_27_reg_2304                   |  34|   0|   34|          0|
    |sext_ln1116_28_reg_2309                   |  34|   0|   34|          0|
    |sext_ln1116_29_reg_2314                   |  34|   0|   34|          0|
    |sext_ln1116_2_reg_2179                    |  34|   0|   34|          0|
    |sext_ln1116_30_reg_2319                   |  34|   0|   34|          0|
    |sext_ln1116_3_reg_2184                    |  34|   0|   34|          0|
    |sext_ln1116_4_reg_2189                    |  34|   0|   34|          0|
    |sext_ln1116_5_reg_2194                    |  34|   0|   34|          0|
    |sext_ln1116_6_reg_2199                    |  34|   0|   34|          0|
    |sext_ln1116_7_reg_2204                    |  34|   0|   34|          0|
    |sext_ln1116_8_reg_2209                    |  34|   0|   34|          0|
    |sext_ln1116_9_reg_2214                    |  34|   0|   34|          0|
    |sext_ln1116_reg_2169                      |  34|   0|   34|          0|
    |temp_input_V_0                            |  32|   0|   32|          0|
    |temp_input_V_1                            |  32|   0|   32|          0|
    |temp_input_V_10                           |  32|   0|   32|          0|
    |temp_input_V_11                           |  32|   0|   32|          0|
    |temp_input_V_12                           |  32|   0|   32|          0|
    |temp_input_V_13                           |  32|   0|   32|          0|
    |temp_input_V_14                           |  32|   0|   32|          0|
    |temp_input_V_15                           |  32|   0|   32|          0|
    |temp_input_V_16                           |  32|   0|   32|          0|
    |temp_input_V_17                           |  32|   0|   32|          0|
    |temp_input_V_18                           |  32|   0|   32|          0|
    |temp_input_V_19                           |  32|   0|   32|          0|
    |temp_input_V_2                            |  32|   0|   32|          0|
    |temp_input_V_20                           |  32|   0|   32|          0|
    |temp_input_V_21                           |  32|   0|   32|          0|
    |temp_input_V_22                           |  32|   0|   32|          0|
    |temp_input_V_23                           |  32|   0|   32|          0|
    |temp_input_V_24                           |  32|   0|   32|          0|
    |temp_input_V_25                           |  32|   0|   32|          0|
    |temp_input_V_26                           |  32|   0|   32|          0|
    |temp_input_V_27                           |  32|   0|   32|          0|
    |temp_input_V_28                           |  32|   0|   32|          0|
    |temp_input_V_29                           |  32|   0|   32|          0|
    |temp_input_V_3                            |  32|   0|   32|          0|
    |temp_input_V_4                            |  32|   0|   32|          0|
    |temp_input_V_5                            |  32|   0|   32|          0|
    |temp_input_V_6                            |  32|   0|   32|          0|
    |temp_input_V_7                            |  32|   0|   32|          0|
    |temp_input_V_8                            |  32|   0|   32|          0|
    |temp_input_V_9                            |  32|   0|   32|          0|
    |tmp_10_reg_2814                           |  32|   0|   32|          0|
    |tmp_12_reg_2839                           |  32|   0|   32|          0|
    |tmp_14_reg_2864                           |  32|   0|   32|          0|
    |tmp_16_reg_2889                           |  32|   0|   32|          0|
    |tmp_18_reg_2914                           |  32|   0|   32|          0|
    |tmp_20_reg_2939                           |  32|   0|   32|          0|
    |tmp_22_reg_2964                           |  32|   0|   32|          0|
    |tmp_24_reg_2989                           |  32|   0|   32|          0|
    |tmp_26_reg_3014                           |  32|   0|   32|          0|
    |tmp_2_reg_2714                            |  32|   0|   32|          0|
    |tmp_40_reg_2689                           |  31|   0|   31|          0|
    |tmp_4_reg_2739                            |  32|   0|   32|          0|
    |tmp_6_reg_2764                            |  32|   0|   32|          0|
    |tmp_8_reg_2789                            |  32|   0|   32|          0|
    |tmp_reg_2664                              |  29|   0|   29|          0|
    |trunc_ln708_2_reg_3029                    |  32|   0|   32|          0|
    |codebook_V_10_load_reg_2544               |  64|  32|    2|          0|
    |codebook_V_11_load_reg_2549               |  64|  32|    2|          0|
    |codebook_V_12_load_reg_2554               |  64|  32|    2|          0|
    |codebook_V_13_load_reg_2559               |  64|  32|    2|          0|
    |codebook_V_14_load_reg_2564               |  64|  32|    2|          0|
    |codebook_V_15_load_reg_2569               |  64|  32|    2|          0|
    |codebook_V_16_load_reg_2574               |  64|  32|    2|          0|
    |codebook_V_17_load_reg_2579               |  64|  32|    2|          0|
    |codebook_V_18_load_reg_2584               |  64|  32|    2|          0|
    |codebook_V_19_load_reg_2589               |  64|  32|    2|          0|
    |codebook_V_20_load_reg_2594               |  64|  32|    2|          0|
    |codebook_V_21_load_reg_2599               |  64|  32|    2|          0|
    |codebook_V_22_load_reg_2604               |  64|  32|    2|          0|
    |codebook_V_23_load_reg_2609               |  64|  32|    2|          0|
    |codebook_V_24_load_reg_2614               |  64|  32|    2|          0|
    |codebook_V_25_load_reg_2619               |  64|  32|    2|          0|
    |codebook_V_26_load_reg_2624               |  64|  32|    2|          0|
    |codebook_V_27_load_reg_2629               |  64|  32|    2|          0|
    |codebook_V_28_load_reg_2634               |  64|  32|    2|          0|
    |codebook_V_29_load_reg_2639               |  64|  32|    2|          0|
    |codebook_V_30_load_reg_2644               |  64|  32|    2|          0|
    |codebook_V_5_load_reg_2519                |  64|  32|    2|          0|
    |codebook_V_6_load_reg_2524                |  64|  32|    2|          0|
    |codebook_V_7_load_reg_2529                |  64|  32|    2|          0|
    |codebook_V_8_load_reg_2534                |  64|  32|    2|          0|
    |codebook_V_9_load_reg_2539                |  64|  32|    2|          0|
    |output_addr_reg_2488                      |  64|  32|    6|          0|
    +------------------------------------------+----+----+-----+-----------+
    |Total                                     |5404| 864| 3734|          0|
    +------------------------------------------+----+----+-----+-----------+



================================================================
== Interface
================================================================
* Summary: 
+-------------------+-----+-----+------------+--------------+--------------+
|     RTL Ports     | Dir | Bits|  Protocol  | Source Object|    C Type    |
+-------------------+-----+-----+------------+--------------+--------------+
|ap_clk             |  in |    1| ap_ctrl_hs |  correlator  | return value |
|ap_rst             |  in |    1| ap_ctrl_hs |  correlator  | return value |
|ap_start           |  in |    1| ap_ctrl_hs |  correlator  | return value |
|ap_done            | out |    1| ap_ctrl_hs |  correlator  | return value |
|ap_continue        |  in |    1| ap_ctrl_hs |  correlator  | return value |
|ap_idle            | out |    1| ap_ctrl_hs |  correlator  | return value |
|ap_ready           | out |    1| ap_ctrl_hs |  correlator  | return value |
|output_r_address0  | out |    6|  ap_memory |   output_r   |     array    |
|output_r_ce0       | out |    1|  ap_memory |   output_r   |     array    |
|output_r_we0       | out |    1|  ap_memory |   output_r   |     array    |
|output_r_d0        | out |   32|  ap_memory |   output_r   |     array    |
|output_r_address1  | out |    6|  ap_memory |   output_r   |     array    |
|output_r_ce1       | out |    1|  ap_memory |   output_r   |     array    |
|output_r_q1        |  in |   32|  ap_memory |   output_r   |     array    |
|input_r_dout       |  in |   32|   ap_fifo  |    input_r   |    pointer   |
|input_r_empty_n    |  in |    1|   ap_fifo  |    input_r   |    pointer   |
|input_r_read       | out |    1|   ap_fifo  |    input_r   |    pointer   |
+-------------------+-----+-----+------------+--------------+--------------+

