

================================================================
== Vitis HLS Report for 'dataflow_in_loop_PROCESSOR'
================================================================
* Date:           Tue Dec  7 23:34:41 2021

* Version:        2020.1 (Build 2902540 on Wed May 27 20:16:15 MDT 2020)
* Project:        hls
* Solution:       solution1 (Vivado IP Flow Target)
* Product family: zynq
* Target device:  xc7z020-clg400-1


================================================================
== Performance Estimates
================================================================
+ Timing: 
    * Summary: 
    +--------+----------+----------+------------+
    |  Clock |  Target  | Estimated| Uncertainty|
    +--------+----------+----------+------------+
    |ap_clk  | 10.00 ns | 7.297 ns |   2.70 ns  |
    +--------+----------+----------+------------+

+ Latency: 
    * Summary: 
    +---------+---------+----------+----------+-----+-----+----------+
    |  Latency (cycles) |  Latency (absolute) |  Interval | Pipeline |
    |   min   |   max   |    min   |    max   | min | max |   Type   |
    +---------+---------+----------+----------+-----+-----+----------+
    |       72|       72| 0.720 us | 0.720 us |   54|   54| dataflow |
    +---------+---------+----------+----------+-----+-----+----------+

    + Detail: 
        * Instance: 
        +----------------------------+-------------------------+---------+---------+----------+----------+-----+-----+---------+
        |                            |                         |  Latency (cycles) |  Latency (absolute) |  Interval | Pipeline|
        |          Instance          |          Module         |   min   |   max   |    min   |    max   | min | max |   Type  |
        +----------------------------+-------------------------+---------+---------+----------+----------+-----+-----+---------+
        |correlator_U0               |correlator               |       53|       53| 0.530 us | 0.530 us |   53|   53|   none  |
        |filter_U0                   |filter                   |       17|       17| 0.170 us | 0.170 us |   17|   17|   none  |
        |Block_entry_proc_proc13_U0  |Block_entry_proc_proc13  |        0|        0|   0 ns   |   0 ns   |    0|    0|   none  |
        +----------------------------+-------------------------+---------+---------+----------+----------+-----+-----+---------+

        * Loop: 
        N/A



================================================================
== Utilization Estimates
================================================================
* Summary: 
+-----------------+---------+-----+--------+-------+-----+
|       Name      | BRAM_18K| DSP |   FF   |  LUT  | URAM|
+-----------------+---------+-----+--------+-------+-----+
|DSP              |        -|    -|       -|      -|    -|
|Expression       |        -|    -|       0|     32|    -|
|FIFO             |        -|    -|     198|    136|    -|
|Instance         |        0|   46|   16577|   7845|    -|
|Memory           |        -|    -|       -|      -|    -|
|Multiplexer      |        -|    -|       -|     36|    -|
|Register         |        -|    -|       6|      -|    -|
+-----------------+---------+-----+--------+-------+-----+
|Total            |        0|   46|   16781|   8049|    0|
+-----------------+---------+-----+--------+-------+-----+
|Available        |      280|  220|  106400|  53200|    0|
+-----------------+---------+-----+--------+-------+-----+
|Utilization (%)  |        0|   20|      15|     15|    0|
+-----------------+---------+-----+--------+-------+-----+

+ Detail: 
    * Instance: 
    +----------------------------+-------------------------+---------+----+-------+------+-----+
    |          Instance          |          Module         | BRAM_18K| DSP|   FF  |  LUT | URAM|
    +----------------------------+-------------------------+---------+----+-------+------+-----+
    |Block_entry_proc_proc13_U0  |Block_entry_proc_proc13  |        0|   0|      3|    29|    0|
    |correlator_U0               |correlator               |        0|   0|  12160|  5117|    0|
    |filter_U0                   |filter                   |        0|  46|   4414|  2699|    0|
    +----------------------------+-------------------------+---------+----+-------+------+-----+
    |Total                       |                         |        0|  46|  16577|  7845|    0|
    +----------------------------+-------------------------+---------+----+-------+------+-----+

    * DSP: 
    N/A

    * Memory: 
    N/A

    * FIFO: 
    +--------------------+---------+----+----+-----+------+-----+---------+
    |        Name        | BRAM_18K| FF | LUT| URAM| Depth| Bits| Size:D*B|
    +--------------------+---------+----+----+-----+------+-----+---------+
    |input_signal_c_U    |        0|  99|   0|    -|     2|   32|       64|
    |temp_output_V1_c_U  |        0|  99|   0|    -|     2|   36|       72|
    +--------------------+---------+----+----+-----+------+-----+---------+
    |Total               |        0| 198|   0|    0|     4|   68|      136|
    +--------------------+---------+----+----+-----+------+-----+---------+

    * Expression: 
    +---------------------------------------------+----------+----+---+----+------------+------------+
    |                Variable Name                | Operation| DSP| FF| LUT| Bitwidth P0| Bitwidth P1|
    +---------------------------------------------+----------+----+---+----+------------+------------+
    |Block_entry_proc_proc13_U0_ap_ready_count    |     +    |   0|  0|  10|           2|           1|
    |correlator_U0_ap_ready_count                 |     +    |   0|  0|  10|           2|           1|
    |Block_entry_proc_proc13_U0_ap_start          |    and   |   0|  0|   2|           1|           1|
    |ap_idle                                      |    and   |   0|  0|   2|           1|           1|
    |ap_sync_ready                                |    and   |   0|  0|   2|           1|           1|
    |correlator_U0_ap_start                       |    and   |   0|  0|   2|           1|           1|
    |ap_sync_Block_entry_proc_proc13_U0_ap_ready  |    or    |   0|  0|   2|           1|           1|
    |ap_sync_correlator_U0_ap_ready               |    or    |   0|  0|   2|           1|           1|
    +---------------------------------------------+----------+----+---+----+------------+------------+
    |Total                                        |          |   0|  0|  32|          10|           8|
    +---------------------------------------------+----------+----+---+----+------------+------------+

    * Multiplexer: 
    +-------------------------------------------------+----+-----------+-----+-----------+
    |                       Name                      | LUT| Input Size| Bits| Total Bits|
    +-------------------------------------------------+----+-----------+-----+-----------+
    |Block_entry_proc_proc13_U0_ap_ready_count        |   9|          2|    2|          4|
    |ap_sync_reg_Block_entry_proc_proc13_U0_ap_ready  |   9|          2|    1|          2|
    |ap_sync_reg_correlator_U0_ap_ready               |   9|          2|    1|          2|
    |correlator_U0_ap_ready_count                     |   9|          2|    2|          4|
    +-------------------------------------------------+----+-----------+-----+-----------+
    |Total                                            |  36|          8|    6|         12|
    +-------------------------------------------------+----+-----------+-----+-----------+

    * Register: 
    +-------------------------------------------------+---+----+-----+-----------+
    |                       Name                      | FF| LUT| Bits| Const Bits|
    +-------------------------------------------------+---+----+-----+-----------+
    |Block_entry_proc_proc13_U0_ap_ready_count        |  2|   0|    2|          0|
    |ap_sync_reg_Block_entry_proc_proc13_U0_ap_ready  |  1|   0|    1|          0|
    |ap_sync_reg_correlator_U0_ap_ready               |  1|   0|    1|          0|
    |correlator_U0_ap_ready_count                     |  2|   0|    2|          0|
    +-------------------------------------------------+---+----+-----+-----------+
    |Total                                            |  6|   0|    6|          0|
    +-------------------------------------------------+---+----+-----+-----------+



================================================================
== Interface
================================================================
* Summary: 
+-------------------------------+-----+-----+------------+----------------------------+--------------+
|           RTL Ports           | Dir | Bits|  Protocol  |        Source Object       |    C Type    |
+-------------------------------+-----+-----+------------+----------------------------+--------------+
|input_signal                   |  in |   32|   ap_none  |        input_signal        |    pointer   |
|input_signal_ap_vld            |  in |    1|   ap_none  |        input_signal        |    pointer   |
|correlators_output_V_address0  | out |    6|  ap_memory |    correlators_output_V    |     array    |
|correlators_output_V_ce0       | out |    1|  ap_memory |    correlators_output_V    |     array    |
|correlators_output_V_d0        | out |   36|  ap_memory |    correlators_output_V    |     array    |
|correlators_output_V_q0        |  in |   36|  ap_memory |    correlators_output_V    |     array    |
|correlators_output_V_we0       | out |    1|  ap_memory |    correlators_output_V    |     array    |
|correlators_output_V_address1  | out |    6|  ap_memory |    correlators_output_V    |     array    |
|correlators_output_V_ce1       | out |    1|  ap_memory |    correlators_output_V    |     array    |
|correlators_output_V_d1        | out |   36|  ap_memory |    correlators_output_V    |     array    |
|correlators_output_V_q1        |  in |   36|  ap_memory |    correlators_output_V    |     array    |
|correlators_output_V_we1       | out |    1|  ap_memory |    correlators_output_V    |     array    |
|ap_clk                         |  in |    1| ap_ctrl_hs | dataflow_in_loop_PROCESSOR | return value |
|ap_rst                         |  in |    1| ap_ctrl_hs | dataflow_in_loop_PROCESSOR | return value |
|ap_start                       |  in |    1| ap_ctrl_hs | dataflow_in_loop_PROCESSOR | return value |
|ap_done                        | out |    1| ap_ctrl_hs | dataflow_in_loop_PROCESSOR | return value |
|ap_ready                       | out |    1| ap_ctrl_hs | dataflow_in_loop_PROCESSOR | return value |
|ap_idle                        | out |    1| ap_ctrl_hs | dataflow_in_loop_PROCESSOR | return value |
|ap_continue                    |  in |    1| ap_ctrl_hs | dataflow_in_loop_PROCESSOR | return value |
+-------------------------------+-----+-----+------------+----------------------------+--------------+

